ARM GAS  C:\Users\Ala\AppData\Local\Temp\ccdH95XG.s 			page 1


   1              		.syntax unified
   2              		.cpu cortex-m0
   3              		.fpu softvfp
   4              		.eabi_attribute 20, 1
   5              		.eabi_attribute 21, 1
   6              		.eabi_attribute 23, 3
   7              		.eabi_attribute 24, 1
   8              		.eabi_attribute 25, 1
   9              		.eabi_attribute 26, 1
  10              		.eabi_attribute 30, 4
  11              		.eabi_attribute 34, 0
  12              		.eabi_attribute 18, 4
  13              		.thumb
  14              		.syntax unified
  15              		.file	"SPIM_SPI_UART_INT.c"
  16              		.text
  17              	.Ltext0:
  18              		.cfi_sections	.debug_frame
  19              		.section	.text.SPIM_SPI_UART_ISR,"ax",%progbits
  20              		.align	1
  21              		.global	SPIM_SPI_UART_ISR
  22              		.code	16
  23              		.thumb_func
  24              		.type	SPIM_SPI_UART_ISR, %function
  25              	SPIM_SPI_UART_ISR:
  26              	.LFB0:
  27              		.file 1 "Generated_Source\\PSoC4\\SPIM_SPI_UART_INT.c"
   1:Generated_Source\PSoC4/SPIM_SPI_UART_INT.c **** /***************************************************************************//**
   2:Generated_Source\PSoC4/SPIM_SPI_UART_INT.c **** * \file SPIM_SPI_UART_INT.c
   3:Generated_Source\PSoC4/SPIM_SPI_UART_INT.c **** * \version 4.0
   4:Generated_Source\PSoC4/SPIM_SPI_UART_INT.c **** *
   5:Generated_Source\PSoC4/SPIM_SPI_UART_INT.c **** * \brief
   6:Generated_Source\PSoC4/SPIM_SPI_UART_INT.c **** *  This file provides the source code to the Interrupt Service Routine for
   7:Generated_Source\PSoC4/SPIM_SPI_UART_INT.c **** *  the SCB Component in SPI and UART modes.
   8:Generated_Source\PSoC4/SPIM_SPI_UART_INT.c **** *
   9:Generated_Source\PSoC4/SPIM_SPI_UART_INT.c **** * Note:
  10:Generated_Source\PSoC4/SPIM_SPI_UART_INT.c **** *
  11:Generated_Source\PSoC4/SPIM_SPI_UART_INT.c **** ********************************************************************************
  12:Generated_Source\PSoC4/SPIM_SPI_UART_INT.c **** * \copyright
  13:Generated_Source\PSoC4/SPIM_SPI_UART_INT.c **** * Copyright 2013-2017, Cypress Semiconductor Corporation.  All rights reserved.
  14:Generated_Source\PSoC4/SPIM_SPI_UART_INT.c **** * You may use this file only in accordance with the license, terms, conditions,
  15:Generated_Source\PSoC4/SPIM_SPI_UART_INT.c **** * disclaimers, and limitations in the end user license agreement accompanying
  16:Generated_Source\PSoC4/SPIM_SPI_UART_INT.c **** * the software package with which this file was provided.
  17:Generated_Source\PSoC4/SPIM_SPI_UART_INT.c **** *******************************************************************************/
  18:Generated_Source\PSoC4/SPIM_SPI_UART_INT.c **** 
  19:Generated_Source\PSoC4/SPIM_SPI_UART_INT.c **** #include "SPIM_PVT.h"
  20:Generated_Source\PSoC4/SPIM_SPI_UART_INT.c **** #include "SPIM_SPI_UART_PVT.h"
  21:Generated_Source\PSoC4/SPIM_SPI_UART_INT.c **** 
  22:Generated_Source\PSoC4/SPIM_SPI_UART_INT.c **** 
  23:Generated_Source\PSoC4/SPIM_SPI_UART_INT.c **** #if (SPIM_SCB_IRQ_INTERNAL)
  24:Generated_Source\PSoC4/SPIM_SPI_UART_INT.c **** /*******************************************************************************
  25:Generated_Source\PSoC4/SPIM_SPI_UART_INT.c **** * Function Name: SPIM_SPI_UART_ISR
  26:Generated_Source\PSoC4/SPIM_SPI_UART_INT.c **** ****************************************************************************//**
  27:Generated_Source\PSoC4/SPIM_SPI_UART_INT.c **** *
  28:Generated_Source\PSoC4/SPIM_SPI_UART_INT.c **** *  Handles the Interrupt Service Routine for the SCB SPI or UART modes.
  29:Generated_Source\PSoC4/SPIM_SPI_UART_INT.c **** *
  30:Generated_Source\PSoC4/SPIM_SPI_UART_INT.c **** *******************************************************************************/
ARM GAS  C:\Users\Ala\AppData\Local\Temp\ccdH95XG.s 			page 2


  31:Generated_Source\PSoC4/SPIM_SPI_UART_INT.c **** CY_ISR(SPIM_SPI_UART_ISR)
  32:Generated_Source\PSoC4/SPIM_SPI_UART_INT.c **** {
  28              		.loc 1 32 0
  29              		.cfi_startproc
  30              		@ args = 0, pretend = 0, frame = 0
  31              		@ frame_needed = 0, uses_anonymous_args = 0
  33:Generated_Source\PSoC4/SPIM_SPI_UART_INT.c **** #if (SPIM_INTERNAL_RX_SW_BUFFER_CONST)
  34:Generated_Source\PSoC4/SPIM_SPI_UART_INT.c ****     uint32 locHead;
  35:Generated_Source\PSoC4/SPIM_SPI_UART_INT.c **** #endif /* (SPIM_INTERNAL_RX_SW_BUFFER_CONST) */
  36:Generated_Source\PSoC4/SPIM_SPI_UART_INT.c **** 
  37:Generated_Source\PSoC4/SPIM_SPI_UART_INT.c **** #if (SPIM_INTERNAL_TX_SW_BUFFER_CONST)
  38:Generated_Source\PSoC4/SPIM_SPI_UART_INT.c ****     uint32 locTail;
  39:Generated_Source\PSoC4/SPIM_SPI_UART_INT.c **** #endif /* (SPIM_INTERNAL_TX_SW_BUFFER_CONST) */
  40:Generated_Source\PSoC4/SPIM_SPI_UART_INT.c **** 
  41:Generated_Source\PSoC4/SPIM_SPI_UART_INT.c **** #ifdef SPIM_SPI_UART_ISR_ENTRY_CALLBACK
  42:Generated_Source\PSoC4/SPIM_SPI_UART_INT.c ****     SPIM_SPI_UART_ISR_EntryCallback();
  43:Generated_Source\PSoC4/SPIM_SPI_UART_INT.c **** #endif /* SPIM_SPI_UART_ISR_ENTRY_CALLBACK */
  44:Generated_Source\PSoC4/SPIM_SPI_UART_INT.c **** 
  45:Generated_Source\PSoC4/SPIM_SPI_UART_INT.c ****     if (NULL != SPIM_customIntrHandler)
  32              		.loc 1 45 0
  33 0000 134B     		ldr	r3, .L17
  32:Generated_Source\PSoC4/SPIM_SPI_UART_INT.c **** #if (SPIM_INTERNAL_RX_SW_BUFFER_CONST)
  34              		.loc 1 32 0
  35 0002 70B5     		push	{r4, r5, r6, lr}
  36              		.cfi_def_cfa_offset 16
  37              		.cfi_offset 4, -16
  38              		.cfi_offset 5, -12
  39              		.cfi_offset 6, -8
  40              		.cfi_offset 14, -4
  41              		.loc 1 45 0
  42 0004 1B68     		ldr	r3, [r3]
  43 0006 002B     		cmp	r3, #0
  44 0008 00D0     		beq	.L2
  46:Generated_Source\PSoC4/SPIM_SPI_UART_INT.c ****     {
  47:Generated_Source\PSoC4/SPIM_SPI_UART_INT.c ****         SPIM_customIntrHandler();
  45              		.loc 1 47 0
  46 000a 9847     		blx	r3
  47              	.LVL0:
  48              	.L2:
  48:Generated_Source\PSoC4/SPIM_SPI_UART_INT.c ****     }
  49:Generated_Source\PSoC4/SPIM_SPI_UART_INT.c **** 
  50:Generated_Source\PSoC4/SPIM_SPI_UART_INT.c ****     #if(SPIM_CHECK_SPI_WAKE_ENABLE)
  51:Generated_Source\PSoC4/SPIM_SPI_UART_INT.c ****     {
  52:Generated_Source\PSoC4/SPIM_SPI_UART_INT.c ****         /* Clear SPI wakeup source */
  53:Generated_Source\PSoC4/SPIM_SPI_UART_INT.c ****         SPIM_ClearSpiExtClkInterruptSource(SPIM_INTR_SPI_EC_WAKE_UP);
  54:Generated_Source\PSoC4/SPIM_SPI_UART_INT.c ****     }
  55:Generated_Source\PSoC4/SPIM_SPI_UART_INT.c ****     #endif
  56:Generated_Source\PSoC4/SPIM_SPI_UART_INT.c **** 
  57:Generated_Source\PSoC4/SPIM_SPI_UART_INT.c ****     #if (SPIM_CHECK_RX_SW_BUFFER)
  58:Generated_Source\PSoC4/SPIM_SPI_UART_INT.c ****     {
  59:Generated_Source\PSoC4/SPIM_SPI_UART_INT.c ****         if (SPIM_CHECK_INTR_RX_MASKED(SPIM_INTR_RX_NOT_EMPTY))
  49              		.loc 1 59 0
  50 000c 114B     		ldr	r3, .L17+4
  51 000e 1B68     		ldr	r3, [r3]
  52 0010 5B07     		lsls	r3, r3, #29
  53 0012 1CD5     		bpl	.L1
  60:Generated_Source\PSoC4/SPIM_SPI_UART_INT.c ****         {
ARM GAS  C:\Users\Ala\AppData\Local\Temp\ccdH95XG.s 			page 3


  61:Generated_Source\PSoC4/SPIM_SPI_UART_INT.c ****             do
  62:Generated_Source\PSoC4/SPIM_SPI_UART_INT.c ****             {
  63:Generated_Source\PSoC4/SPIM_SPI_UART_INT.c ****                 /* Move local head index */
  64:Generated_Source\PSoC4/SPIM_SPI_UART_INT.c ****                 locHead = (SPIM_rxBufferHead + 1u);
  65:Generated_Source\PSoC4/SPIM_SPI_UART_INT.c **** 
  66:Generated_Source\PSoC4/SPIM_SPI_UART_INT.c ****                 /* Adjust local head index */
  67:Generated_Source\PSoC4/SPIM_SPI_UART_INT.c ****                 if (SPIM_INTERNAL_RX_BUFFER_SIZE == locHead)
  68:Generated_Source\PSoC4/SPIM_SPI_UART_INT.c ****                 {
  69:Generated_Source\PSoC4/SPIM_SPI_UART_INT.c ****                     locHead = 0u;
  70:Generated_Source\PSoC4/SPIM_SPI_UART_INT.c ****                 }
  71:Generated_Source\PSoC4/SPIM_SPI_UART_INT.c **** 
  72:Generated_Source\PSoC4/SPIM_SPI_UART_INT.c ****                 if (locHead == SPIM_rxBufferTail)
  73:Generated_Source\PSoC4/SPIM_SPI_UART_INT.c ****                 {
  74:Generated_Source\PSoC4/SPIM_SPI_UART_INT.c ****                     #if (SPIM_CHECK_UART_RTS_CONTROL_FLOW)
  75:Generated_Source\PSoC4/SPIM_SPI_UART_INT.c ****                     {
  76:Generated_Source\PSoC4/SPIM_SPI_UART_INT.c ****                         /* There is no space in the software buffer - disable the
  77:Generated_Source\PSoC4/SPIM_SPI_UART_INT.c ****                         * RX Not Empty interrupt source. The data elements are
  78:Generated_Source\PSoC4/SPIM_SPI_UART_INT.c ****                         * still being received into the RX FIFO until the RTS signal
  79:Generated_Source\PSoC4/SPIM_SPI_UART_INT.c ****                         * stops the transmitter. After the data element is read from the
  80:Generated_Source\PSoC4/SPIM_SPI_UART_INT.c ****                         * buffer, the RX Not Empty interrupt source is enabled to
  81:Generated_Source\PSoC4/SPIM_SPI_UART_INT.c ****                         * move the next data element in the software buffer.
  82:Generated_Source\PSoC4/SPIM_SPI_UART_INT.c ****                         */
  83:Generated_Source\PSoC4/SPIM_SPI_UART_INT.c ****                         SPIM_INTR_RX_MASK_REG &= ~SPIM_INTR_RX_NOT_EMPTY;
  84:Generated_Source\PSoC4/SPIM_SPI_UART_INT.c ****                         break;
  85:Generated_Source\PSoC4/SPIM_SPI_UART_INT.c ****                     }
  86:Generated_Source\PSoC4/SPIM_SPI_UART_INT.c ****                     #else
  87:Generated_Source\PSoC4/SPIM_SPI_UART_INT.c ****                     {
  88:Generated_Source\PSoC4/SPIM_SPI_UART_INT.c ****                         /* Overflow: through away received data element */
  89:Generated_Source\PSoC4/SPIM_SPI_UART_INT.c ****                         (void) SPIM_RX_FIFO_RD_REG;
  90:Generated_Source\PSoC4/SPIM_SPI_UART_INT.c ****                         SPIM_rxBufferOverflow = (uint8) SPIM_INTR_RX_OVERFLOW;
  54              		.loc 1 90 0
  55 0014 2024     		movs	r4, #32
  91:Generated_Source\PSoC4/SPIM_SPI_UART_INT.c ****                     }
  92:Generated_Source\PSoC4/SPIM_SPI_UART_INT.c ****                     #endif
  93:Generated_Source\PSoC4/SPIM_SPI_UART_INT.c ****                 }
  94:Generated_Source\PSoC4/SPIM_SPI_UART_INT.c ****                 else
  95:Generated_Source\PSoC4/SPIM_SPI_UART_INT.c ****                 {
  96:Generated_Source\PSoC4/SPIM_SPI_UART_INT.c ****                     /* Store received data */
  97:Generated_Source\PSoC4/SPIM_SPI_UART_INT.c ****                     SPIM_PutWordInRxBuffer(locHead, SPIM_RX_FIFO_RD_REG);
  98:Generated_Source\PSoC4/SPIM_SPI_UART_INT.c **** 
  99:Generated_Source\PSoC4/SPIM_SPI_UART_INT.c ****                     /* Move head index */
 100:Generated_Source\PSoC4/SPIM_SPI_UART_INT.c ****                     SPIM_rxBufferHead = locHead;
 101:Generated_Source\PSoC4/SPIM_SPI_UART_INT.c ****                 }
 102:Generated_Source\PSoC4/SPIM_SPI_UART_INT.c ****             }
 103:Generated_Source\PSoC4/SPIM_SPI_UART_INT.c ****             while(0u != SPIM_GET_RX_FIFO_ENTRIES);
  56              		.loc 1 103 0
  57 0016 0F20     		movs	r0, #15
  64:Generated_Source\PSoC4/SPIM_SPI_UART_INT.c **** 
  58              		.loc 1 64 0
  59 0018 0F49     		ldr	r1, .L17+8
  60              	.L12:
  61 001a 0B68     		ldr	r3, [r1]
  62 001c 0133     		adds	r3, r3, #1
  63              	.LVL1:
  67:Generated_Source\PSoC4/SPIM_SPI_UART_INT.c ****                 {
  64              		.loc 1 67 0
  65 001e 1F2B     		cmp	r3, #31
ARM GAS  C:\Users\Ala\AppData\Local\Temp\ccdH95XG.s 			page 4


  66 0020 00D1     		bne	.L4
  69:Generated_Source\PSoC4/SPIM_SPI_UART_INT.c ****                 }
  67              		.loc 1 69 0
  68 0022 0023     		movs	r3, #0
  69              	.LVL2:
  70              	.L4:
  72:Generated_Source\PSoC4/SPIM_SPI_UART_INT.c ****                 {
  71              		.loc 1 72 0
  72 0024 0D4A     		ldr	r2, .L17+12
  73 0026 1568     		ldr	r5, [r2]
  74 0028 0D4A     		ldr	r2, .L17+16
  75 002a AB42     		cmp	r3, r5
  76 002c 03D1     		bne	.L5
  89:Generated_Source\PSoC4/SPIM_SPI_UART_INT.c ****                         SPIM_rxBufferOverflow = (uint8) SPIM_INTR_RX_OVERFLOW;
  77              		.loc 1 89 0
  78 002e 1368     		ldr	r3, [r2]
  79              	.LVL3:
  90:Generated_Source\PSoC4/SPIM_SPI_UART_INT.c ****                     }
  80              		.loc 1 90 0
  81 0030 0C4B     		ldr	r3, .L17+20
  82 0032 1C70     		strb	r4, [r3]
  83 0034 04E0     		b	.L6
  84              	.LVL4:
  85              	.L5:
  97:Generated_Source\PSoC4/SPIM_SPI_UART_INT.c **** 
  86              		.loc 1 97 0
  87 0036 1268     		ldr	r2, [r2]
  88 0038 0B4D     		ldr	r5, .L17+24
  89 003a D2B2     		uxtb	r2, r2
  90 003c EA54     		strb	r2, [r5, r3]
 100:Generated_Source\PSoC4/SPIM_SPI_UART_INT.c ****                 }
  91              		.loc 1 100 0
  92 003e 0B60     		str	r3, [r1]
  93              	.LVL5:
  94              	.L6:
  95              		.loc 1 103 0
  96 0040 0A4B     		ldr	r3, .L17+28
  97 0042 1B68     		ldr	r3, [r3]
  98 0044 0342     		tst	r3, r0
  99 0046 E8D1     		bne	.L12
 104:Generated_Source\PSoC4/SPIM_SPI_UART_INT.c **** 
 105:Generated_Source\PSoC4/SPIM_SPI_UART_INT.c ****             SPIM_ClearRxInterruptSource(SPIM_INTR_RX_NOT_EMPTY);
 100              		.loc 1 105 0
 101 0048 0422     		movs	r2, #4
 102 004a 094B     		ldr	r3, .L17+32
 103 004c 1A60     		str	r2, [r3]
 104              	.L1:
 106:Generated_Source\PSoC4/SPIM_SPI_UART_INT.c ****         }
 107:Generated_Source\PSoC4/SPIM_SPI_UART_INT.c ****     }
 108:Generated_Source\PSoC4/SPIM_SPI_UART_INT.c ****     #endif
 109:Generated_Source\PSoC4/SPIM_SPI_UART_INT.c **** 
 110:Generated_Source\PSoC4/SPIM_SPI_UART_INT.c **** 
 111:Generated_Source\PSoC4/SPIM_SPI_UART_INT.c ****     #if (SPIM_CHECK_TX_SW_BUFFER)
 112:Generated_Source\PSoC4/SPIM_SPI_UART_INT.c ****     {
 113:Generated_Source\PSoC4/SPIM_SPI_UART_INT.c ****         if (SPIM_CHECK_INTR_TX_MASKED(SPIM_INTR_TX_NOT_FULL))
 114:Generated_Source\PSoC4/SPIM_SPI_UART_INT.c ****         {
 115:Generated_Source\PSoC4/SPIM_SPI_UART_INT.c ****             do
ARM GAS  C:\Users\Ala\AppData\Local\Temp\ccdH95XG.s 			page 5


 116:Generated_Source\PSoC4/SPIM_SPI_UART_INT.c ****             {
 117:Generated_Source\PSoC4/SPIM_SPI_UART_INT.c ****                 /* Check for room in TX software buffer */
 118:Generated_Source\PSoC4/SPIM_SPI_UART_INT.c ****                 if (SPIM_txBufferHead != SPIM_txBufferTail)
 119:Generated_Source\PSoC4/SPIM_SPI_UART_INT.c ****                 {
 120:Generated_Source\PSoC4/SPIM_SPI_UART_INT.c ****                     /* Move local tail index */
 121:Generated_Source\PSoC4/SPIM_SPI_UART_INT.c ****                     locTail = (SPIM_txBufferTail + 1u);
 122:Generated_Source\PSoC4/SPIM_SPI_UART_INT.c **** 
 123:Generated_Source\PSoC4/SPIM_SPI_UART_INT.c ****                     /* Adjust local tail index */
 124:Generated_Source\PSoC4/SPIM_SPI_UART_INT.c ****                     if (SPIM_TX_BUFFER_SIZE == locTail)
 125:Generated_Source\PSoC4/SPIM_SPI_UART_INT.c ****                     {
 126:Generated_Source\PSoC4/SPIM_SPI_UART_INT.c ****                         locTail = 0u;
 127:Generated_Source\PSoC4/SPIM_SPI_UART_INT.c ****                     }
 128:Generated_Source\PSoC4/SPIM_SPI_UART_INT.c **** 
 129:Generated_Source\PSoC4/SPIM_SPI_UART_INT.c ****                     /* Put data into TX FIFO */
 130:Generated_Source\PSoC4/SPIM_SPI_UART_INT.c ****                     SPIM_TX_FIFO_WR_REG = SPIM_GetWordFromTxBuffer(locTail);
 131:Generated_Source\PSoC4/SPIM_SPI_UART_INT.c **** 
 132:Generated_Source\PSoC4/SPIM_SPI_UART_INT.c ****                     /* Move tail index */
 133:Generated_Source\PSoC4/SPIM_SPI_UART_INT.c ****                     SPIM_txBufferTail = locTail;
 134:Generated_Source\PSoC4/SPIM_SPI_UART_INT.c ****                 }
 135:Generated_Source\PSoC4/SPIM_SPI_UART_INT.c ****                 else
 136:Generated_Source\PSoC4/SPIM_SPI_UART_INT.c ****                 {
 137:Generated_Source\PSoC4/SPIM_SPI_UART_INT.c ****                     /* TX software buffer is empty: complete transfer */
 138:Generated_Source\PSoC4/SPIM_SPI_UART_INT.c ****                     SPIM_DISABLE_INTR_TX(SPIM_INTR_TX_NOT_FULL);
 139:Generated_Source\PSoC4/SPIM_SPI_UART_INT.c ****                     break;
 140:Generated_Source\PSoC4/SPIM_SPI_UART_INT.c ****                 }
 141:Generated_Source\PSoC4/SPIM_SPI_UART_INT.c ****             }
 142:Generated_Source\PSoC4/SPIM_SPI_UART_INT.c ****             while (SPIM_SPI_UART_FIFO_SIZE != SPIM_GET_TX_FIFO_ENTRIES);
 143:Generated_Source\PSoC4/SPIM_SPI_UART_INT.c **** 
 144:Generated_Source\PSoC4/SPIM_SPI_UART_INT.c ****             SPIM_ClearTxInterruptSource(SPIM_INTR_TX_NOT_FULL);
 145:Generated_Source\PSoC4/SPIM_SPI_UART_INT.c ****         }
 146:Generated_Source\PSoC4/SPIM_SPI_UART_INT.c ****     }
 147:Generated_Source\PSoC4/SPIM_SPI_UART_INT.c ****     #endif
 148:Generated_Source\PSoC4/SPIM_SPI_UART_INT.c **** 
 149:Generated_Source\PSoC4/SPIM_SPI_UART_INT.c **** #ifdef SPIM_SPI_UART_ISR_EXIT_CALLBACK
 150:Generated_Source\PSoC4/SPIM_SPI_UART_INT.c ****     SPIM_SPI_UART_ISR_ExitCallback();
 151:Generated_Source\PSoC4/SPIM_SPI_UART_INT.c **** #endif /* SPIM_SPI_UART_ISR_EXIT_CALLBACK */
 152:Generated_Source\PSoC4/SPIM_SPI_UART_INT.c **** 
 153:Generated_Source\PSoC4/SPIM_SPI_UART_INT.c **** }
 105              		.loc 1 153 0
 106              		@ sp needed
 107 004e 70BD     		pop	{r4, r5, r6, pc}
 108              	.L18:
 109              		.align	2
 110              	.L17:
 111 0050 00000000 		.word	SPIM_customIntrHandler
 112 0054 CC0F0740 		.word	1074204620
 113 0058 00000000 		.word	SPIM_rxBufferHead
 114 005c 00000000 		.word	SPIM_rxBufferTail
 115 0060 40030740 		.word	1074201408
 116 0064 00000000 		.word	SPIM_rxBufferOverflow
 117 0068 00000000 		.word	SPIM_rxBufferInternal
 118 006c 08030740 		.word	1074201352
 119 0070 C00F0740 		.word	1074204608
 120              		.cfi_endproc
 121              	.LFE0:
 122              		.size	SPIM_SPI_UART_ISR, .-SPIM_SPI_UART_ISR
 123              		.text
ARM GAS  C:\Users\Ala\AppData\Local\Temp\ccdH95XG.s 			page 6


 124              	.Letext0:
 125              		.file 2 "Generated_Source\\PSoC4/cytypes.h"
 126              		.file 3 "Generated_Source\\PSoC4\\SPIM_PVT.h"
 127              		.file 4 "Generated_Source\\PSoC4\\SPIM_SPI_UART_PVT.h"
 128              		.section	.debug_info,"",%progbits
 129              	.Ldebug_info0:
 130 0000 3D010000 		.4byte	0x13d
 131 0004 0400     		.2byte	0x4
 132 0006 00000000 		.4byte	.Ldebug_abbrev0
 133 000a 04       		.byte	0x4
 134 000b 01       		.uleb128 0x1
 135 000c 81000000 		.4byte	.LASF23
 136 0010 0C       		.byte	0xc
 137 0011 FE010000 		.4byte	.LASF24
 138 0015 90010000 		.4byte	.LASF25
 139 0019 00000000 		.4byte	.Ldebug_ranges0+0
 140 001d 00000000 		.4byte	0
 141 0021 00000000 		.4byte	.Ldebug_line0
 142 0025 02       		.uleb128 0x2
 143 0026 01       		.byte	0x1
 144 0027 06       		.byte	0x6
 145 0028 D0010000 		.4byte	.LASF0
 146 002c 02       		.uleb128 0x2
 147 002d 01       		.byte	0x1
 148 002e 08       		.byte	0x8
 149 002f 15010000 		.4byte	.LASF1
 150 0033 02       		.uleb128 0x2
 151 0034 02       		.byte	0x2
 152 0035 05       		.byte	0x5
 153 0036 50010000 		.4byte	.LASF2
 154 003a 02       		.uleb128 0x2
 155 003b 02       		.byte	0x2
 156 003c 07       		.byte	0x7
 157 003d BD010000 		.4byte	.LASF3
 158 0041 02       		.uleb128 0x2
 159 0042 04       		.byte	0x4
 160 0043 05       		.byte	0x5
 161 0044 35010000 		.4byte	.LASF4
 162 0048 02       		.uleb128 0x2
 163 0049 04       		.byte	0x4
 164 004a 07       		.byte	0x7
 165 004b 5A010000 		.4byte	.LASF5
 166 004f 02       		.uleb128 0x2
 167 0050 08       		.byte	0x8
 168 0051 05       		.byte	0x5
 169 0052 00000000 		.4byte	.LASF6
 170 0056 02       		.uleb128 0x2
 171 0057 08       		.byte	0x8
 172 0058 07       		.byte	0x7
 173 0059 6A000000 		.4byte	.LASF7
 174 005d 03       		.uleb128 0x3
 175 005e 04       		.byte	0x4
 176 005f 05       		.byte	0x5
 177 0060 696E7400 		.ascii	"int\000"
 178 0064 02       		.uleb128 0x2
 179 0065 04       		.byte	0x4
 180 0066 07       		.byte	0x7
ARM GAS  C:\Users\Ala\AppData\Local\Temp\ccdH95XG.s 			page 7


 181 0067 15000000 		.4byte	.LASF8
 182 006b 04       		.uleb128 0x4
 183 006c 46000000 		.4byte	.LASF9
 184 0070 02       		.byte	0x2
 185 0071 F701     		.2byte	0x1f7
 186 0073 2C000000 		.4byte	0x2c
 187 0077 04       		.uleb128 0x4
 188 0078 0E000000 		.4byte	.LASF10
 189 007c 02       		.byte	0x2
 190 007d F901     		.2byte	0x1f9
 191 007f 48000000 		.4byte	0x48
 192 0083 02       		.uleb128 0x2
 193 0084 04       		.byte	0x4
 194 0085 04       		.byte	0x4
 195 0086 0F010000 		.4byte	.LASF11
 196 008a 02       		.uleb128 0x2
 197 008b 08       		.byte	0x8
 198 008c 04       		.byte	0x4
 199 008d 6C010000 		.4byte	.LASF12
 200 0091 02       		.uleb128 0x2
 201 0092 01       		.byte	0x1
 202 0093 08       		.byte	0x8
 203 0094 23010000 		.4byte	.LASF13
 204 0098 05       		.uleb128 0x5
 205 0099 6B000000 		.4byte	0x6b
 206 009d 04       		.uleb128 0x4
 207 009e 8A010000 		.4byte	.LASF14
 208 00a2 02       		.byte	0x2
 209 00a3 A302     		.2byte	0x2a3
 210 00a5 A9000000 		.4byte	0xa9
 211 00a9 05       		.uleb128 0x5
 212 00aa 77000000 		.4byte	0x77
 213 00ae 04       		.uleb128 0x4
 214 00af 28010000 		.4byte	.LASF15
 215 00b3 02       		.byte	0x2
 216 00b4 B302     		.2byte	0x2b3
 217 00b6 BA000000 		.4byte	0xba
 218 00ba 06       		.uleb128 0x6
 219 00bb 04       		.byte	0x4
 220 00bc C0000000 		.4byte	0xc0
 221 00c0 07       		.uleb128 0x7
 222 00c1 02       		.uleb128 0x2
 223 00c2 08       		.byte	0x8
 224 00c3 04       		.byte	0x4
 225 00c4 DC010000 		.4byte	.LASF16
 226 00c8 02       		.uleb128 0x2
 227 00c9 04       		.byte	0x4
 228 00ca 07       		.byte	0x7
 229 00cb 29020000 		.4byte	.LASF17
 230 00cf 08       		.uleb128 0x8
 231 00d0 3E010000 		.4byte	.LASF26
 232 00d4 01       		.byte	0x1
 233 00d5 1F       		.byte	0x1f
 234 00d6 00000000 		.4byte	.LFB0
 235 00da 74000000 		.4byte	.LFE0-.LFB0
 236 00de 01       		.uleb128 0x1
 237 00df 9C       		.byte	0x9c
ARM GAS  C:\Users\Ala\AppData\Local\Temp\ccdH95XG.s 			page 8


 238 00e0 F4000000 		.4byte	0xf4
 239 00e4 09       		.uleb128 0x9
 240 00e5 62000000 		.4byte	.LASF27
 241 00e9 01       		.byte	0x1
 242 00ea 22       		.byte	0x22
 243 00eb 77000000 		.4byte	0x77
 244 00ef 00000000 		.4byte	.LLST0
 245 00f3 00       		.byte	0
 246 00f4 0A       		.uleb128 0xa
 247 00f5 73010000 		.4byte	.LASF18
 248 00f9 03       		.byte	0x3
 249 00fa 3B       		.byte	0x3b
 250 00fb AE000000 		.4byte	0xae
 251 00ff 0A       		.uleb128 0xa
 252 0100 22000000 		.4byte	.LASF19
 253 0104 04       		.byte	0x4
 254 0105 1F       		.byte	0x1f
 255 0106 A9000000 		.4byte	0xa9
 256 010a 0A       		.uleb128 0xa
 257 010b 34000000 		.4byte	.LASF20
 258 010f 04       		.byte	0x4
 259 0110 20       		.byte	0x20
 260 0111 A9000000 		.4byte	0xa9
 261 0115 0A       		.uleb128 0xa
 262 0116 4C000000 		.4byte	.LASF21
 263 011a 04       		.byte	0x4
 264 011b 2A       		.byte	0x2a
 265 011c 98000000 		.4byte	0x98
 266 0120 0B       		.uleb128 0xb
 267 0121 98000000 		.4byte	0x98
 268 0125 30010000 		.4byte	0x130
 269 0129 0C       		.uleb128 0xc
 270 012a C8000000 		.4byte	0xc8
 271 012e 1E       		.byte	0x1e
 272 012f 00       		.byte	0
 273 0130 0A       		.uleb128 0xa
 274 0131 E8010000 		.4byte	.LASF22
 275 0135 04       		.byte	0x4
 276 0136 34       		.byte	0x34
 277 0137 3B010000 		.4byte	0x13b
 278 013b 05       		.uleb128 0x5
 279 013c 20010000 		.4byte	0x120
 280 0140 00       		.byte	0
 281              		.section	.debug_abbrev,"",%progbits
 282              	.Ldebug_abbrev0:
 283 0000 01       		.uleb128 0x1
 284 0001 11       		.uleb128 0x11
 285 0002 01       		.byte	0x1
 286 0003 25       		.uleb128 0x25
 287 0004 0E       		.uleb128 0xe
 288 0005 13       		.uleb128 0x13
 289 0006 0B       		.uleb128 0xb
 290 0007 03       		.uleb128 0x3
 291 0008 0E       		.uleb128 0xe
 292 0009 1B       		.uleb128 0x1b
 293 000a 0E       		.uleb128 0xe
 294 000b 55       		.uleb128 0x55
ARM GAS  C:\Users\Ala\AppData\Local\Temp\ccdH95XG.s 			page 9


 295 000c 17       		.uleb128 0x17
 296 000d 11       		.uleb128 0x11
 297 000e 01       		.uleb128 0x1
 298 000f 10       		.uleb128 0x10
 299 0010 17       		.uleb128 0x17
 300 0011 00       		.byte	0
 301 0012 00       		.byte	0
 302 0013 02       		.uleb128 0x2
 303 0014 24       		.uleb128 0x24
 304 0015 00       		.byte	0
 305 0016 0B       		.uleb128 0xb
 306 0017 0B       		.uleb128 0xb
 307 0018 3E       		.uleb128 0x3e
 308 0019 0B       		.uleb128 0xb
 309 001a 03       		.uleb128 0x3
 310 001b 0E       		.uleb128 0xe
 311 001c 00       		.byte	0
 312 001d 00       		.byte	0
 313 001e 03       		.uleb128 0x3
 314 001f 24       		.uleb128 0x24
 315 0020 00       		.byte	0
 316 0021 0B       		.uleb128 0xb
 317 0022 0B       		.uleb128 0xb
 318 0023 3E       		.uleb128 0x3e
 319 0024 0B       		.uleb128 0xb
 320 0025 03       		.uleb128 0x3
 321 0026 08       		.uleb128 0x8
 322 0027 00       		.byte	0
 323 0028 00       		.byte	0
 324 0029 04       		.uleb128 0x4
 325 002a 16       		.uleb128 0x16
 326 002b 00       		.byte	0
 327 002c 03       		.uleb128 0x3
 328 002d 0E       		.uleb128 0xe
 329 002e 3A       		.uleb128 0x3a
 330 002f 0B       		.uleb128 0xb
 331 0030 3B       		.uleb128 0x3b
 332 0031 05       		.uleb128 0x5
 333 0032 49       		.uleb128 0x49
 334 0033 13       		.uleb128 0x13
 335 0034 00       		.byte	0
 336 0035 00       		.byte	0
 337 0036 05       		.uleb128 0x5
 338 0037 35       		.uleb128 0x35
 339 0038 00       		.byte	0
 340 0039 49       		.uleb128 0x49
 341 003a 13       		.uleb128 0x13
 342 003b 00       		.byte	0
 343 003c 00       		.byte	0
 344 003d 06       		.uleb128 0x6
 345 003e 0F       		.uleb128 0xf
 346 003f 00       		.byte	0
 347 0040 0B       		.uleb128 0xb
 348 0041 0B       		.uleb128 0xb
 349 0042 49       		.uleb128 0x49
 350 0043 13       		.uleb128 0x13
 351 0044 00       		.byte	0
ARM GAS  C:\Users\Ala\AppData\Local\Temp\ccdH95XG.s 			page 10


 352 0045 00       		.byte	0
 353 0046 07       		.uleb128 0x7
 354 0047 15       		.uleb128 0x15
 355 0048 00       		.byte	0
 356 0049 27       		.uleb128 0x27
 357 004a 19       		.uleb128 0x19
 358 004b 00       		.byte	0
 359 004c 00       		.byte	0
 360 004d 08       		.uleb128 0x8
 361 004e 2E       		.uleb128 0x2e
 362 004f 01       		.byte	0x1
 363 0050 3F       		.uleb128 0x3f
 364 0051 19       		.uleb128 0x19
 365 0052 03       		.uleb128 0x3
 366 0053 0E       		.uleb128 0xe
 367 0054 3A       		.uleb128 0x3a
 368 0055 0B       		.uleb128 0xb
 369 0056 3B       		.uleb128 0x3b
 370 0057 0B       		.uleb128 0xb
 371 0058 27       		.uleb128 0x27
 372 0059 19       		.uleb128 0x19
 373 005a 11       		.uleb128 0x11
 374 005b 01       		.uleb128 0x1
 375 005c 12       		.uleb128 0x12
 376 005d 06       		.uleb128 0x6
 377 005e 40       		.uleb128 0x40
 378 005f 18       		.uleb128 0x18
 379 0060 9642     		.uleb128 0x2116
 380 0062 19       		.uleb128 0x19
 381 0063 01       		.uleb128 0x1
 382 0064 13       		.uleb128 0x13
 383 0065 00       		.byte	0
 384 0066 00       		.byte	0
 385 0067 09       		.uleb128 0x9
 386 0068 34       		.uleb128 0x34
 387 0069 00       		.byte	0
 388 006a 03       		.uleb128 0x3
 389 006b 0E       		.uleb128 0xe
 390 006c 3A       		.uleb128 0x3a
 391 006d 0B       		.uleb128 0xb
 392 006e 3B       		.uleb128 0x3b
 393 006f 0B       		.uleb128 0xb
 394 0070 49       		.uleb128 0x49
 395 0071 13       		.uleb128 0x13
 396 0072 02       		.uleb128 0x2
 397 0073 17       		.uleb128 0x17
 398 0074 00       		.byte	0
 399 0075 00       		.byte	0
 400 0076 0A       		.uleb128 0xa
 401 0077 34       		.uleb128 0x34
 402 0078 00       		.byte	0
 403 0079 03       		.uleb128 0x3
 404 007a 0E       		.uleb128 0xe
 405 007b 3A       		.uleb128 0x3a
 406 007c 0B       		.uleb128 0xb
 407 007d 3B       		.uleb128 0x3b
 408 007e 0B       		.uleb128 0xb
ARM GAS  C:\Users\Ala\AppData\Local\Temp\ccdH95XG.s 			page 11


 409 007f 49       		.uleb128 0x49
 410 0080 13       		.uleb128 0x13
 411 0081 3F       		.uleb128 0x3f
 412 0082 19       		.uleb128 0x19
 413 0083 3C       		.uleb128 0x3c
 414 0084 19       		.uleb128 0x19
 415 0085 00       		.byte	0
 416 0086 00       		.byte	0
 417 0087 0B       		.uleb128 0xb
 418 0088 01       		.uleb128 0x1
 419 0089 01       		.byte	0x1
 420 008a 49       		.uleb128 0x49
 421 008b 13       		.uleb128 0x13
 422 008c 01       		.uleb128 0x1
 423 008d 13       		.uleb128 0x13
 424 008e 00       		.byte	0
 425 008f 00       		.byte	0
 426 0090 0C       		.uleb128 0xc
 427 0091 21       		.uleb128 0x21
 428 0092 00       		.byte	0
 429 0093 49       		.uleb128 0x49
 430 0094 13       		.uleb128 0x13
 431 0095 2F       		.uleb128 0x2f
 432 0096 0B       		.uleb128 0xb
 433 0097 00       		.byte	0
 434 0098 00       		.byte	0
 435 0099 00       		.byte	0
 436              		.section	.debug_loc,"",%progbits
 437              	.Ldebug_loc0:
 438              	.LLST0:
 439 0000 1E000000 		.4byte	.LVL1
 440 0004 30000000 		.4byte	.LVL3
 441 0008 0100     		.2byte	0x1
 442 000a 53       		.byte	0x53
 443 000b 36000000 		.4byte	.LVL4
 444 000f 40000000 		.4byte	.LVL5
 445 0013 0100     		.2byte	0x1
 446 0015 53       		.byte	0x53
 447 0016 00000000 		.4byte	0
 448 001a 00000000 		.4byte	0
 449              		.section	.debug_aranges,"",%progbits
 450 0000 1C000000 		.4byte	0x1c
 451 0004 0200     		.2byte	0x2
 452 0006 00000000 		.4byte	.Ldebug_info0
 453 000a 04       		.byte	0x4
 454 000b 00       		.byte	0
 455 000c 0000     		.2byte	0
 456 000e 0000     		.2byte	0
 457 0010 00000000 		.4byte	.LFB0
 458 0014 74000000 		.4byte	.LFE0-.LFB0
 459 0018 00000000 		.4byte	0
 460 001c 00000000 		.4byte	0
 461              		.section	.debug_ranges,"",%progbits
 462              	.Ldebug_ranges0:
 463 0000 00000000 		.4byte	.LFB0
 464 0004 74000000 		.4byte	.LFE0
 465 0008 00000000 		.4byte	0
ARM GAS  C:\Users\Ala\AppData\Local\Temp\ccdH95XG.s 			page 12


 466 000c 00000000 		.4byte	0
 467              		.section	.debug_line,"",%progbits
 468              	.Ldebug_line0:
 469 0000 AC000000 		.section	.debug_str,"MS",%progbits,1
 469      02007300 
 469      00000201 
 469      FB0E0D00 
 469      01010101 
 470              	.LASF6:
 471 0000 6C6F6E67 		.ascii	"long long int\000"
 471      206C6F6E 
 471      6720696E 
 471      7400
 472              	.LASF10:
 473 000e 75696E74 		.ascii	"uint32\000"
 473      333200
 474              	.LASF8:
 475 0015 756E7369 		.ascii	"unsigned int\000"
 475      676E6564 
 475      20696E74 
 475      00
 476              	.LASF19:
 477 0022 5350494D 		.ascii	"SPIM_rxBufferHead\000"
 477      5F727842 
 477      75666665 
 477      72486561 
 477      6400
 478              	.LASF20:
 479 0034 5350494D 		.ascii	"SPIM_rxBufferTail\000"
 479      5F727842 
 479      75666665 
 479      72546169 
 479      6C00
 480              	.LASF9:
 481 0046 75696E74 		.ascii	"uint8\000"
 481      3800
 482              	.LASF21:
 483 004c 5350494D 		.ascii	"SPIM_rxBufferOverflow\000"
 483      5F727842 
 483      75666665 
 483      724F7665 
 483      72666C6F 
 484              	.LASF27:
 485 0062 6C6F6348 		.ascii	"locHead\000"
 485      65616400 
 486              	.LASF7:
 487 006a 6C6F6E67 		.ascii	"long long unsigned int\000"
 487      206C6F6E 
 487      6720756E 
 487      7369676E 
 487      65642069 
 488              	.LASF23:
 489 0081 474E5520 		.ascii	"GNU C11 5.4.1 20160609 (release) [ARM/embedded-5-br"
 489      43313120 
 489      352E342E 
 489      31203230 
 489      31363036 
ARM GAS  C:\Users\Ala\AppData\Local\Temp\ccdH95XG.s 			page 13


 490 00b4 616E6368 		.ascii	"anch revision 237715] -mcpu=cortex-m0 -mthumb -g -O"
 490      20726576 
 490      6973696F 
 490      6E203233 
 490      37373135 
 491 00e7 73202D66 		.ascii	"s -ffunction-sections -ffat-lto-objects\000"
 491      66756E63 
 491      74696F6E 
 491      2D736563 
 491      74696F6E 
 492              	.LASF11:
 493 010f 666C6F61 		.ascii	"float\000"
 493      7400
 494              	.LASF1:
 495 0115 756E7369 		.ascii	"unsigned char\000"
 495      676E6564 
 495      20636861 
 495      7200
 496              	.LASF13:
 497 0123 63686172 		.ascii	"char\000"
 497      00
 498              	.LASF15:
 499 0128 63796973 		.ascii	"cyisraddress\000"
 499      72616464 
 499      72657373 
 499      00
 500              	.LASF4:
 501 0135 6C6F6E67 		.ascii	"long int\000"
 501      20696E74 
 501      00
 502              	.LASF26:
 503 013e 5350494D 		.ascii	"SPIM_SPI_UART_ISR\000"
 503      5F535049 
 503      5F554152 
 503      545F4953 
 503      5200
 504              	.LASF2:
 505 0150 73686F72 		.ascii	"short int\000"
 505      7420696E 
 505      7400
 506              	.LASF5:
 507 015a 6C6F6E67 		.ascii	"long unsigned int\000"
 507      20756E73 
 507      69676E65 
 507      6420696E 
 507      7400
 508              	.LASF12:
 509 016c 646F7562 		.ascii	"double\000"
 509      6C6500
 510              	.LASF18:
 511 0173 5350494D 		.ascii	"SPIM_customIntrHandler\000"
 511      5F637573 
 511      746F6D49 
 511      6E747248 
 511      616E646C 
 512              	.LASF14:
 513 018a 72656733 		.ascii	"reg32\000"
ARM GAS  C:\Users\Ala\AppData\Local\Temp\ccdH95XG.s 			page 14


 513      3200
 514              	.LASF25:
 515 0190 433A5C55 		.ascii	"C:\\Users\\Ala\\Desktop\\Cypress\\BeoM_main.cydsn\000"
 515      73657273 
 515      5C416C61 
 515      5C446573 
 515      6B746F70 
 516              	.LASF3:
 517 01bd 73686F72 		.ascii	"short unsigned int\000"
 517      7420756E 
 517      7369676E 
 517      65642069 
 517      6E7400
 518              	.LASF0:
 519 01d0 7369676E 		.ascii	"signed char\000"
 519      65642063 
 519      68617200 
 520              	.LASF16:
 521 01dc 6C6F6E67 		.ascii	"long double\000"
 521      20646F75 
 521      626C6500 
 522              	.LASF22:
 523 01e8 5350494D 		.ascii	"SPIM_rxBufferInternal\000"
 523      5F727842 
 523      75666665 
 523      72496E74 
 523      65726E61 
 524              	.LASF24:
 525 01fe 47656E65 		.ascii	"Generated_Source\\PSoC4\\SPIM_SPI_UART_INT.c\000"
 525      72617465 
 525      645F536F 
 525      75726365 
 525      5C50536F 
 526              	.LASF17:
 527 0229 73697A65 		.ascii	"sizetype\000"
 527      74797065 
 527      00
 528              		.ident	"GCC: (GNU Tools for ARM Embedded Processors) 5.4.1 20160609 (release) [ARM/embedded-5-bran
