ARM GAS  C:\Users\Ala\AppData\Local\Temp\ccs9JxuM.s 			page 1


   1              		.syntax unified
   2              		.cpu cortex-m0
   3              		.fpu softvfp
   4              		.eabi_attribute 20, 1
   5              		.eabi_attribute 21, 1
   6              		.eabi_attribute 23, 3
   7              		.eabi_attribute 24, 1
   8              		.eabi_attribute 25, 1
   9              		.eabi_attribute 26, 1
  10              		.eabi_attribute 30, 4
  11              		.eabi_attribute 34, 0
  12              		.eabi_attribute 18, 4
  13              		.thumb
  14              		.syntax unified
  15              		.file	"SPIM_SPI.c"
  16              		.text
  17              	.Ltext0:
  18              		.cfi_sections	.debug_frame
  19              		.section	.text.SPIM_SpiPostEnable,"ax",%progbits
  20              		.align	1
  21              		.global	SPIM_SpiPostEnable
  22              		.code	16
  23              		.thumb_func
  24              		.type	SPIM_SpiPostEnable, %function
  25              	SPIM_SpiPostEnable:
  26              	.LFB1:
  27              		.file 1 "Generated_Source\\PSoC4\\SPIM_SPI.c"
   1:Generated_Source\PSoC4/SPIM_SPI.c **** /***************************************************************************//**
   2:Generated_Source\PSoC4/SPIM_SPI.c **** * \file SPIM_SPI.c
   3:Generated_Source\PSoC4/SPIM_SPI.c **** * \version 4.0
   4:Generated_Source\PSoC4/SPIM_SPI.c **** *
   5:Generated_Source\PSoC4/SPIM_SPI.c **** * \brief
   6:Generated_Source\PSoC4/SPIM_SPI.c **** *  This file provides the source code to the API for the SCB Component in
   7:Generated_Source\PSoC4/SPIM_SPI.c **** *  SPI mode.
   8:Generated_Source\PSoC4/SPIM_SPI.c **** *
   9:Generated_Source\PSoC4/SPIM_SPI.c **** * Note:
  10:Generated_Source\PSoC4/SPIM_SPI.c **** *
  11:Generated_Source\PSoC4/SPIM_SPI.c **** *******************************************************************************
  12:Generated_Source\PSoC4/SPIM_SPI.c **** * \copyright
  13:Generated_Source\PSoC4/SPIM_SPI.c **** * Copyright 2013-2017, Cypress Semiconductor Corporation.  All rights reserved.
  14:Generated_Source\PSoC4/SPIM_SPI.c **** * You may use this file only in accordance with the license, terms, conditions,
  15:Generated_Source\PSoC4/SPIM_SPI.c **** * disclaimers, and limitations in the end user license agreement accompanying
  16:Generated_Source\PSoC4/SPIM_SPI.c **** * the software package with which this file was provided.
  17:Generated_Source\PSoC4/SPIM_SPI.c **** *******************************************************************************/
  18:Generated_Source\PSoC4/SPIM_SPI.c **** 
  19:Generated_Source\PSoC4/SPIM_SPI.c **** #include "SPIM_PVT.h"
  20:Generated_Source\PSoC4/SPIM_SPI.c **** #include "SPIM_SPI_UART_PVT.h"
  21:Generated_Source\PSoC4/SPIM_SPI.c **** 
  22:Generated_Source\PSoC4/SPIM_SPI.c **** #if(SPIM_SCB_MODE_UNCONFIG_CONST_CFG)
  23:Generated_Source\PSoC4/SPIM_SPI.c **** 
  24:Generated_Source\PSoC4/SPIM_SPI.c ****     /***************************************
  25:Generated_Source\PSoC4/SPIM_SPI.c ****     *  Configuration Structure Initialization
  26:Generated_Source\PSoC4/SPIM_SPI.c ****     ***************************************/
  27:Generated_Source\PSoC4/SPIM_SPI.c **** 
  28:Generated_Source\PSoC4/SPIM_SPI.c ****     const SPIM_SPI_INIT_STRUCT SPIM_configSpi =
  29:Generated_Source\PSoC4/SPIM_SPI.c ****     {
  30:Generated_Source\PSoC4/SPIM_SPI.c ****         SPIM_SPI_MODE,
ARM GAS  C:\Users\Ala\AppData\Local\Temp\ccs9JxuM.s 			page 2


  31:Generated_Source\PSoC4/SPIM_SPI.c ****         SPIM_SPI_SUB_MODE,
  32:Generated_Source\PSoC4/SPIM_SPI.c ****         SPIM_SPI_CLOCK_MODE,
  33:Generated_Source\PSoC4/SPIM_SPI.c ****         SPIM_SPI_OVS_FACTOR,
  34:Generated_Source\PSoC4/SPIM_SPI.c ****         SPIM_SPI_MEDIAN_FILTER_ENABLE,
  35:Generated_Source\PSoC4/SPIM_SPI.c ****         SPIM_SPI_LATE_MISO_SAMPLE_ENABLE,
  36:Generated_Source\PSoC4/SPIM_SPI.c ****         SPIM_SPI_WAKE_ENABLE,
  37:Generated_Source\PSoC4/SPIM_SPI.c ****         SPIM_SPI_RX_DATA_BITS_NUM,
  38:Generated_Source\PSoC4/SPIM_SPI.c ****         SPIM_SPI_TX_DATA_BITS_NUM,
  39:Generated_Source\PSoC4/SPIM_SPI.c ****         SPIM_SPI_BITS_ORDER,
  40:Generated_Source\PSoC4/SPIM_SPI.c ****         SPIM_SPI_TRANSFER_SEPARATION,
  41:Generated_Source\PSoC4/SPIM_SPI.c ****         0u,
  42:Generated_Source\PSoC4/SPIM_SPI.c ****         NULL,
  43:Generated_Source\PSoC4/SPIM_SPI.c ****         0u,
  44:Generated_Source\PSoC4/SPIM_SPI.c ****         NULL,
  45:Generated_Source\PSoC4/SPIM_SPI.c ****         (uint32) SPIM_SCB_IRQ_INTERNAL,
  46:Generated_Source\PSoC4/SPIM_SPI.c ****         SPIM_SPI_INTR_RX_MASK,
  47:Generated_Source\PSoC4/SPIM_SPI.c ****         SPIM_SPI_RX_TRIGGER_LEVEL,
  48:Generated_Source\PSoC4/SPIM_SPI.c ****         SPIM_SPI_INTR_TX_MASK,
  49:Generated_Source\PSoC4/SPIM_SPI.c ****         SPIM_SPI_TX_TRIGGER_LEVEL,
  50:Generated_Source\PSoC4/SPIM_SPI.c ****         (uint8) SPIM_SPI_BYTE_MODE_ENABLE,
  51:Generated_Source\PSoC4/SPIM_SPI.c ****         (uint8) SPIM_SPI_FREE_RUN_SCLK_ENABLE,
  52:Generated_Source\PSoC4/SPIM_SPI.c ****         (uint8) SPIM_SPI_SS_POLARITY
  53:Generated_Source\PSoC4/SPIM_SPI.c ****     };
  54:Generated_Source\PSoC4/SPIM_SPI.c **** 
  55:Generated_Source\PSoC4/SPIM_SPI.c **** 
  56:Generated_Source\PSoC4/SPIM_SPI.c ****     /*******************************************************************************
  57:Generated_Source\PSoC4/SPIM_SPI.c ****     * Function Name: SPIM_SpiInit
  58:Generated_Source\PSoC4/SPIM_SPI.c ****     ****************************************************************************//**
  59:Generated_Source\PSoC4/SPIM_SPI.c ****     *
  60:Generated_Source\PSoC4/SPIM_SPI.c ****     *  Configures the SPIM for SPI operation.
  61:Generated_Source\PSoC4/SPIM_SPI.c ****     *
  62:Generated_Source\PSoC4/SPIM_SPI.c ****     *  This function is intended specifically to be used when the SPIM 
  63:Generated_Source\PSoC4/SPIM_SPI.c ****     *  configuration is set to “Unconfigured SPIM” in the customizer. 
  64:Generated_Source\PSoC4/SPIM_SPI.c ****     *  After initializing the SPIM in SPI mode using this function, 
  65:Generated_Source\PSoC4/SPIM_SPI.c ****     *  the component can be enabled using the SPIM_Start() or 
  66:Generated_Source\PSoC4/SPIM_SPI.c ****     * SPIM_Enable() function.
  67:Generated_Source\PSoC4/SPIM_SPI.c ****     *  This function uses a pointer to a structure that provides the configuration 
  68:Generated_Source\PSoC4/SPIM_SPI.c ****     *  settings. This structure contains the same information that would otherwise 
  69:Generated_Source\PSoC4/SPIM_SPI.c ****     *  be provided by the customizer settings.
  70:Generated_Source\PSoC4/SPIM_SPI.c ****     *
  71:Generated_Source\PSoC4/SPIM_SPI.c ****     *  \param config: pointer to a structure that contains the following list of 
  72:Generated_Source\PSoC4/SPIM_SPI.c ****     *   fields. These fields match the selections available in the customizer. 
  73:Generated_Source\PSoC4/SPIM_SPI.c ****     *   Refer to the customizer for further description of the settings.
  74:Generated_Source\PSoC4/SPIM_SPI.c ****     *
  75:Generated_Source\PSoC4/SPIM_SPI.c ****     *******************************************************************************/
  76:Generated_Source\PSoC4/SPIM_SPI.c ****     void SPIM_SpiInit(const SPIM_SPI_INIT_STRUCT *config)
  77:Generated_Source\PSoC4/SPIM_SPI.c ****     {
  78:Generated_Source\PSoC4/SPIM_SPI.c ****         if(NULL == config)
  79:Generated_Source\PSoC4/SPIM_SPI.c ****         {
  80:Generated_Source\PSoC4/SPIM_SPI.c ****             CYASSERT(0u != 0u); /* Halt execution due to bad function parameter */
  81:Generated_Source\PSoC4/SPIM_SPI.c ****         }
  82:Generated_Source\PSoC4/SPIM_SPI.c ****         else
  83:Generated_Source\PSoC4/SPIM_SPI.c ****         {
  84:Generated_Source\PSoC4/SPIM_SPI.c ****             /* Configure pins */
  85:Generated_Source\PSoC4/SPIM_SPI.c ****             SPIM_SetPins(SPIM_SCB_MODE_SPI, config->mode, SPIM_DUMMY_PARAM);
  86:Generated_Source\PSoC4/SPIM_SPI.c **** 
  87:Generated_Source\PSoC4/SPIM_SPI.c ****             /* Store internal configuration */
ARM GAS  C:\Users\Ala\AppData\Local\Temp\ccs9JxuM.s 			page 3


  88:Generated_Source\PSoC4/SPIM_SPI.c ****             SPIM_scbMode       = (uint8) SPIM_SCB_MODE_SPI;
  89:Generated_Source\PSoC4/SPIM_SPI.c ****             SPIM_scbEnableWake = (uint8) config->enableWake;
  90:Generated_Source\PSoC4/SPIM_SPI.c ****             SPIM_scbEnableIntr = (uint8) config->enableInterrupt;
  91:Generated_Source\PSoC4/SPIM_SPI.c **** 
  92:Generated_Source\PSoC4/SPIM_SPI.c ****             /* Set RX direction internal variables */
  93:Generated_Source\PSoC4/SPIM_SPI.c ****             SPIM_rxBuffer      =         config->rxBuffer;
  94:Generated_Source\PSoC4/SPIM_SPI.c ****             SPIM_rxDataBits    = (uint8) config->rxDataBits;
  95:Generated_Source\PSoC4/SPIM_SPI.c ****             SPIM_rxBufferSize  =         config->rxBufferSize;
  96:Generated_Source\PSoC4/SPIM_SPI.c **** 
  97:Generated_Source\PSoC4/SPIM_SPI.c ****             /* Set TX direction internal variables */
  98:Generated_Source\PSoC4/SPIM_SPI.c ****             SPIM_txBuffer      =         config->txBuffer;
  99:Generated_Source\PSoC4/SPIM_SPI.c ****             SPIM_txDataBits    = (uint8) config->txDataBits;
 100:Generated_Source\PSoC4/SPIM_SPI.c ****             SPIM_txBufferSize  =         config->txBufferSize;
 101:Generated_Source\PSoC4/SPIM_SPI.c **** 
 102:Generated_Source\PSoC4/SPIM_SPI.c ****             /* Configure SPI interface */
 103:Generated_Source\PSoC4/SPIM_SPI.c ****             SPIM_CTRL_REG     = SPIM_GET_CTRL_OVS(config->oversample)           |
 104:Generated_Source\PSoC4/SPIM_SPI.c ****                                             SPIM_GET_CTRL_BYTE_MODE(config->enableByteMode) |
 105:Generated_Source\PSoC4/SPIM_SPI.c ****                                             SPIM_GET_CTRL_EC_AM_MODE(config->enableWake)    |
 106:Generated_Source\PSoC4/SPIM_SPI.c ****                                             SPIM_CTRL_SPI;
 107:Generated_Source\PSoC4/SPIM_SPI.c **** 
 108:Generated_Source\PSoC4/SPIM_SPI.c ****             SPIM_SPI_CTRL_REG = SPIM_GET_SPI_CTRL_CONTINUOUS    (config->transferSeperation)  |
 109:Generated_Source\PSoC4/SPIM_SPI.c ****                                             SPIM_GET_SPI_CTRL_SELECT_PRECEDE(config->submode &
 110:Generated_Source\PSoC4/SPIM_SPI.c ****                                                                           SPIM_SPI_MODE_TI_PRECEDES
 111:Generated_Source\PSoC4/SPIM_SPI.c ****                                             SPIM_GET_SPI_CTRL_SCLK_MODE     (config->sclkMode)     
 112:Generated_Source\PSoC4/SPIM_SPI.c ****                                             SPIM_GET_SPI_CTRL_LATE_MISO_SAMPLE(config->enableLateSa
 113:Generated_Source\PSoC4/SPIM_SPI.c ****                                             SPIM_GET_SPI_CTRL_SCLK_CONTINUOUS(config->enableFreeRun
 114:Generated_Source\PSoC4/SPIM_SPI.c ****                                             SPIM_GET_SPI_CTRL_SSEL_POLARITY (config->polaritySs)   
 115:Generated_Source\PSoC4/SPIM_SPI.c ****                                             SPIM_GET_SPI_CTRL_SUB_MODE      (config->submode)      
 116:Generated_Source\PSoC4/SPIM_SPI.c ****                                             SPIM_GET_SPI_CTRL_MASTER_MODE   (config->mode);
 117:Generated_Source\PSoC4/SPIM_SPI.c **** 
 118:Generated_Source\PSoC4/SPIM_SPI.c ****             /* Configure RX direction */
 119:Generated_Source\PSoC4/SPIM_SPI.c ****             SPIM_RX_CTRL_REG     =  SPIM_GET_RX_CTRL_DATA_WIDTH(config->rxDataBits)         |
 120:Generated_Source\PSoC4/SPIM_SPI.c ****                                                 SPIM_GET_RX_CTRL_BIT_ORDER (config->bitOrder)      
 121:Generated_Source\PSoC4/SPIM_SPI.c ****                                                 SPIM_GET_RX_CTRL_MEDIAN    (config->enableMedianFil
 122:Generated_Source\PSoC4/SPIM_SPI.c ****                                                 SPIM_SPI_RX_CTRL;
 123:Generated_Source\PSoC4/SPIM_SPI.c **** 
 124:Generated_Source\PSoC4/SPIM_SPI.c ****             SPIM_RX_FIFO_CTRL_REG = SPIM_GET_RX_FIFO_CTRL_TRIGGER_LEVEL(config->rxTriggerLevel);
 125:Generated_Source\PSoC4/SPIM_SPI.c **** 
 126:Generated_Source\PSoC4/SPIM_SPI.c ****             /* Configure TX direction */
 127:Generated_Source\PSoC4/SPIM_SPI.c ****             SPIM_TX_CTRL_REG      = SPIM_GET_TX_CTRL_DATA_WIDTH(config->txDataBits) |
 128:Generated_Source\PSoC4/SPIM_SPI.c ****                                                 SPIM_GET_TX_CTRL_BIT_ORDER (config->bitOrder)   |
 129:Generated_Source\PSoC4/SPIM_SPI.c ****                                                 SPIM_SPI_TX_CTRL;
 130:Generated_Source\PSoC4/SPIM_SPI.c **** 
 131:Generated_Source\PSoC4/SPIM_SPI.c ****             SPIM_TX_FIFO_CTRL_REG = SPIM_GET_TX_FIFO_CTRL_TRIGGER_LEVEL(config->txTriggerLevel);
 132:Generated_Source\PSoC4/SPIM_SPI.c **** 
 133:Generated_Source\PSoC4/SPIM_SPI.c ****             /* Configure interrupt with SPI handler but do not enable it */
 134:Generated_Source\PSoC4/SPIM_SPI.c ****             CyIntDisable    (SPIM_ISR_NUMBER);
 135:Generated_Source\PSoC4/SPIM_SPI.c ****             CyIntSetPriority(SPIM_ISR_NUMBER, SPIM_ISR_PRIORITY);
 136:Generated_Source\PSoC4/SPIM_SPI.c ****             (void) CyIntSetVector(SPIM_ISR_NUMBER, &SPIM_SPI_UART_ISR);
 137:Generated_Source\PSoC4/SPIM_SPI.c **** 
 138:Generated_Source\PSoC4/SPIM_SPI.c ****             /* Configure interrupt sources */
 139:Generated_Source\PSoC4/SPIM_SPI.c ****             SPIM_INTR_I2C_EC_MASK_REG = SPIM_NO_INTR_SOURCES;
 140:Generated_Source\PSoC4/SPIM_SPI.c ****             SPIM_INTR_SPI_EC_MASK_REG = SPIM_NO_INTR_SOURCES;
 141:Generated_Source\PSoC4/SPIM_SPI.c ****             SPIM_INTR_SLAVE_MASK_REG  = SPIM_GET_SPI_INTR_SLAVE_MASK(config->rxInterruptMask);
 142:Generated_Source\PSoC4/SPIM_SPI.c ****             SPIM_INTR_MASTER_MASK_REG = SPIM_GET_SPI_INTR_MASTER_MASK(config->txInterruptMask);
 143:Generated_Source\PSoC4/SPIM_SPI.c ****             SPIM_INTR_RX_MASK_REG     = SPIM_GET_SPI_INTR_RX_MASK(config->rxInterruptMask);
 144:Generated_Source\PSoC4/SPIM_SPI.c ****             SPIM_INTR_TX_MASK_REG     = SPIM_GET_SPI_INTR_TX_MASK(config->txInterruptMask);
ARM GAS  C:\Users\Ala\AppData\Local\Temp\ccs9JxuM.s 			page 4


 145:Generated_Source\PSoC4/SPIM_SPI.c ****             
 146:Generated_Source\PSoC4/SPIM_SPI.c ****             /* Configure TX interrupt sources to restore. */
 147:Generated_Source\PSoC4/SPIM_SPI.c ****             SPIM_IntrTxMask = LO16(SPIM_INTR_TX_MASK_REG);
 148:Generated_Source\PSoC4/SPIM_SPI.c **** 
 149:Generated_Source\PSoC4/SPIM_SPI.c ****             /* Set active SS0 */
 150:Generated_Source\PSoC4/SPIM_SPI.c ****             SPIM_SpiSetActiveSlaveSelect(SPIM_SPI_SLAVE_SELECT0);
 151:Generated_Source\PSoC4/SPIM_SPI.c **** 
 152:Generated_Source\PSoC4/SPIM_SPI.c ****             /* Clear RX buffer indexes */
 153:Generated_Source\PSoC4/SPIM_SPI.c ****             SPIM_rxBufferHead     = 0u;
 154:Generated_Source\PSoC4/SPIM_SPI.c ****             SPIM_rxBufferTail     = 0u;
 155:Generated_Source\PSoC4/SPIM_SPI.c ****             SPIM_rxBufferOverflow = 0u;
 156:Generated_Source\PSoC4/SPIM_SPI.c **** 
 157:Generated_Source\PSoC4/SPIM_SPI.c ****             /* Clear TX buffer indexes */
 158:Generated_Source\PSoC4/SPIM_SPI.c ****             SPIM_txBufferHead = 0u;
 159:Generated_Source\PSoC4/SPIM_SPI.c ****             SPIM_txBufferTail = 0u;
 160:Generated_Source\PSoC4/SPIM_SPI.c ****         }
 161:Generated_Source\PSoC4/SPIM_SPI.c ****     }
 162:Generated_Source\PSoC4/SPIM_SPI.c **** 
 163:Generated_Source\PSoC4/SPIM_SPI.c **** #else
 164:Generated_Source\PSoC4/SPIM_SPI.c **** 
 165:Generated_Source\PSoC4/SPIM_SPI.c ****     /*******************************************************************************
 166:Generated_Source\PSoC4/SPIM_SPI.c ****     * Function Name: SPIM_SpiInit
 167:Generated_Source\PSoC4/SPIM_SPI.c ****     ****************************************************************************//**
 168:Generated_Source\PSoC4/SPIM_SPI.c ****     *
 169:Generated_Source\PSoC4/SPIM_SPI.c ****     *  Configures the SCB for the SPI operation.
 170:Generated_Source\PSoC4/SPIM_SPI.c ****     *
 171:Generated_Source\PSoC4/SPIM_SPI.c ****     *******************************************************************************/
 172:Generated_Source\PSoC4/SPIM_SPI.c ****     void SPIM_SpiInit(void)
 173:Generated_Source\PSoC4/SPIM_SPI.c ****     {
 174:Generated_Source\PSoC4/SPIM_SPI.c ****         /* Configure SPI interface */
 175:Generated_Source\PSoC4/SPIM_SPI.c ****         SPIM_CTRL_REG     = SPIM_SPI_DEFAULT_CTRL;
 176:Generated_Source\PSoC4/SPIM_SPI.c ****         SPIM_SPI_CTRL_REG = SPIM_SPI_DEFAULT_SPI_CTRL;
 177:Generated_Source\PSoC4/SPIM_SPI.c **** 
 178:Generated_Source\PSoC4/SPIM_SPI.c ****         /* Configure TX and RX direction */
 179:Generated_Source\PSoC4/SPIM_SPI.c ****         SPIM_RX_CTRL_REG      = SPIM_SPI_DEFAULT_RX_CTRL;
 180:Generated_Source\PSoC4/SPIM_SPI.c ****         SPIM_RX_FIFO_CTRL_REG = SPIM_SPI_DEFAULT_RX_FIFO_CTRL;
 181:Generated_Source\PSoC4/SPIM_SPI.c **** 
 182:Generated_Source\PSoC4/SPIM_SPI.c ****         /* Configure TX and RX direction */
 183:Generated_Source\PSoC4/SPIM_SPI.c ****         SPIM_TX_CTRL_REG      = SPIM_SPI_DEFAULT_TX_CTRL;
 184:Generated_Source\PSoC4/SPIM_SPI.c ****         SPIM_TX_FIFO_CTRL_REG = SPIM_SPI_DEFAULT_TX_FIFO_CTRL;
 185:Generated_Source\PSoC4/SPIM_SPI.c **** 
 186:Generated_Source\PSoC4/SPIM_SPI.c ****         /* Configure interrupt with SPI handler but do not enable it */
 187:Generated_Source\PSoC4/SPIM_SPI.c ****     #if(SPIM_SCB_IRQ_INTERNAL)
 188:Generated_Source\PSoC4/SPIM_SPI.c ****             CyIntDisable    (SPIM_ISR_NUMBER);
 189:Generated_Source\PSoC4/SPIM_SPI.c ****             CyIntSetPriority(SPIM_ISR_NUMBER, SPIM_ISR_PRIORITY);
 190:Generated_Source\PSoC4/SPIM_SPI.c ****             (void) CyIntSetVector(SPIM_ISR_NUMBER, &SPIM_SPI_UART_ISR);
 191:Generated_Source\PSoC4/SPIM_SPI.c ****     #endif /* (SPIM_SCB_IRQ_INTERNAL) */
 192:Generated_Source\PSoC4/SPIM_SPI.c **** 
 193:Generated_Source\PSoC4/SPIM_SPI.c ****         /* Configure interrupt sources */
 194:Generated_Source\PSoC4/SPIM_SPI.c ****         SPIM_INTR_I2C_EC_MASK_REG = SPIM_SPI_DEFAULT_INTR_I2C_EC_MASK;
 195:Generated_Source\PSoC4/SPIM_SPI.c ****         SPIM_INTR_SPI_EC_MASK_REG = SPIM_SPI_DEFAULT_INTR_SPI_EC_MASK;
 196:Generated_Source\PSoC4/SPIM_SPI.c ****         SPIM_INTR_SLAVE_MASK_REG  = SPIM_SPI_DEFAULT_INTR_SLAVE_MASK;
 197:Generated_Source\PSoC4/SPIM_SPI.c ****         SPIM_INTR_MASTER_MASK_REG = SPIM_SPI_DEFAULT_INTR_MASTER_MASK;
 198:Generated_Source\PSoC4/SPIM_SPI.c ****         SPIM_INTR_RX_MASK_REG     = SPIM_SPI_DEFAULT_INTR_RX_MASK;
 199:Generated_Source\PSoC4/SPIM_SPI.c ****         SPIM_INTR_TX_MASK_REG     = SPIM_SPI_DEFAULT_INTR_TX_MASK;
 200:Generated_Source\PSoC4/SPIM_SPI.c **** 
 201:Generated_Source\PSoC4/SPIM_SPI.c ****         /* Configure TX interrupt sources to restore. */
ARM GAS  C:\Users\Ala\AppData\Local\Temp\ccs9JxuM.s 			page 5


 202:Generated_Source\PSoC4/SPIM_SPI.c ****         SPIM_IntrTxMask = LO16(SPIM_INTR_TX_MASK_REG);
 203:Generated_Source\PSoC4/SPIM_SPI.c ****             
 204:Generated_Source\PSoC4/SPIM_SPI.c ****         /* Set active SS0 for master */
 205:Generated_Source\PSoC4/SPIM_SPI.c ****     #if (SPIM_SPI_MASTER_CONST)
 206:Generated_Source\PSoC4/SPIM_SPI.c ****         SPIM_SpiSetActiveSlaveSelect(SPIM_SPI_SLAVE_SELECT0);
 207:Generated_Source\PSoC4/SPIM_SPI.c ****     #endif /* (SPIM_SPI_MASTER_CONST) */
 208:Generated_Source\PSoC4/SPIM_SPI.c **** 
 209:Generated_Source\PSoC4/SPIM_SPI.c ****     #if(SPIM_INTERNAL_RX_SW_BUFFER_CONST)
 210:Generated_Source\PSoC4/SPIM_SPI.c ****         SPIM_rxBufferHead     = 0u;
 211:Generated_Source\PSoC4/SPIM_SPI.c ****         SPIM_rxBufferTail     = 0u;
 212:Generated_Source\PSoC4/SPIM_SPI.c ****         SPIM_rxBufferOverflow = 0u;
 213:Generated_Source\PSoC4/SPIM_SPI.c ****     #endif /* (SPIM_INTERNAL_RX_SW_BUFFER_CONST) */
 214:Generated_Source\PSoC4/SPIM_SPI.c **** 
 215:Generated_Source\PSoC4/SPIM_SPI.c ****     #if(SPIM_INTERNAL_TX_SW_BUFFER_CONST)
 216:Generated_Source\PSoC4/SPIM_SPI.c ****         SPIM_txBufferHead = 0u;
 217:Generated_Source\PSoC4/SPIM_SPI.c ****         SPIM_txBufferTail = 0u;
 218:Generated_Source\PSoC4/SPIM_SPI.c ****     #endif /* (SPIM_INTERNAL_TX_SW_BUFFER_CONST) */
 219:Generated_Source\PSoC4/SPIM_SPI.c ****     }
 220:Generated_Source\PSoC4/SPIM_SPI.c **** #endif /* (SPIM_SCB_MODE_UNCONFIG_CONST_CFG) */
 221:Generated_Source\PSoC4/SPIM_SPI.c **** 
 222:Generated_Source\PSoC4/SPIM_SPI.c **** 
 223:Generated_Source\PSoC4/SPIM_SPI.c **** /*******************************************************************************
 224:Generated_Source\PSoC4/SPIM_SPI.c **** * Function Name: SPIM_SpiPostEnable
 225:Generated_Source\PSoC4/SPIM_SPI.c **** ****************************************************************************//**
 226:Generated_Source\PSoC4/SPIM_SPI.c **** *
 227:Generated_Source\PSoC4/SPIM_SPI.c **** *  Restores HSIOM settings for the SPI master output pins (SCLK and/or SS0-SS3) 
 228:Generated_Source\PSoC4/SPIM_SPI.c **** *  to be controlled by the SCB SPI.
 229:Generated_Source\PSoC4/SPIM_SPI.c **** *
 230:Generated_Source\PSoC4/SPIM_SPI.c **** *******************************************************************************/
 231:Generated_Source\PSoC4/SPIM_SPI.c **** void SPIM_SpiPostEnable(void)
 232:Generated_Source\PSoC4/SPIM_SPI.c **** {
  28              		.loc 1 232 0
  29              		.cfi_startproc
  30              		@ args = 0, pretend = 0, frame = 0
  31              		@ frame_needed = 0, uses_anonymous_args = 0
  32              		@ link register save eliminated.
 233:Generated_Source\PSoC4/SPIM_SPI.c **** #if(SPIM_SCB_MODE_UNCONFIG_CONST_CFG)
 234:Generated_Source\PSoC4/SPIM_SPI.c **** 
 235:Generated_Source\PSoC4/SPIM_SPI.c ****     if (SPIM_CHECK_SPI_MASTER)
 236:Generated_Source\PSoC4/SPIM_SPI.c ****     {
 237:Generated_Source\PSoC4/SPIM_SPI.c ****     #if (SPIM_SCLK_PIN)
 238:Generated_Source\PSoC4/SPIM_SPI.c ****         /* Set SCB SPI to drive output pin */
 239:Generated_Source\PSoC4/SPIM_SPI.c ****         SPIM_SET_HSIOM_SEL(SPIM_SCLK_HSIOM_REG, SPIM_SCLK_HSIOM_MASK,
 240:Generated_Source\PSoC4/SPIM_SPI.c ****                                        SPIM_SCLK_HSIOM_POS, SPIM_SCLK_HSIOM_SEL_SPI);
 241:Generated_Source\PSoC4/SPIM_SPI.c ****     #endif /* (SPIM_SCLK_PIN) */
 242:Generated_Source\PSoC4/SPIM_SPI.c **** 
 243:Generated_Source\PSoC4/SPIM_SPI.c ****     #if (SPIM_SS0_PIN)
 244:Generated_Source\PSoC4/SPIM_SPI.c ****         /* Set SCB SPI to drive output pin */
 245:Generated_Source\PSoC4/SPIM_SPI.c ****         SPIM_SET_HSIOM_SEL(SPIM_SS0_HSIOM_REG, SPIM_SS0_HSIOM_MASK,
 246:Generated_Source\PSoC4/SPIM_SPI.c ****                                        SPIM_SS0_HSIOM_POS, SPIM_SS0_HSIOM_SEL_SPI);
 247:Generated_Source\PSoC4/SPIM_SPI.c ****     #endif /* (SPIM_SS0_PIN) */
 248:Generated_Source\PSoC4/SPIM_SPI.c **** 
 249:Generated_Source\PSoC4/SPIM_SPI.c ****     #if (SPIM_SS1_PIN)
 250:Generated_Source\PSoC4/SPIM_SPI.c ****         /* Set SCB SPI to drive output pin */
 251:Generated_Source\PSoC4/SPIM_SPI.c ****         SPIM_SET_HSIOM_SEL(SPIM_SS1_HSIOM_REG, SPIM_SS1_HSIOM_MASK,
 252:Generated_Source\PSoC4/SPIM_SPI.c ****                                        SPIM_SS1_HSIOM_POS, SPIM_SS1_HSIOM_SEL_SPI);
 253:Generated_Source\PSoC4/SPIM_SPI.c ****     #endif /* (SPIM_SS1_PIN) */
ARM GAS  C:\Users\Ala\AppData\Local\Temp\ccs9JxuM.s 			page 6


 254:Generated_Source\PSoC4/SPIM_SPI.c **** 
 255:Generated_Source\PSoC4/SPIM_SPI.c ****     #if (SPIM_SS2_PIN)
 256:Generated_Source\PSoC4/SPIM_SPI.c ****         /* Set SCB SPI to drive output pin */
 257:Generated_Source\PSoC4/SPIM_SPI.c ****         SPIM_SET_HSIOM_SEL(SPIM_SS2_HSIOM_REG, SPIM_SS2_HSIOM_MASK,
 258:Generated_Source\PSoC4/SPIM_SPI.c ****                                        SPIM_SS2_HSIOM_POS, SPIM_SS2_HSIOM_SEL_SPI);
 259:Generated_Source\PSoC4/SPIM_SPI.c ****     #endif /* (SPIM_SS2_PIN) */
 260:Generated_Source\PSoC4/SPIM_SPI.c **** 
 261:Generated_Source\PSoC4/SPIM_SPI.c ****     #if (SPIM_SS3_PIN)
 262:Generated_Source\PSoC4/SPIM_SPI.c ****         /* Set SCB SPI to drive output pin */
 263:Generated_Source\PSoC4/SPIM_SPI.c ****         SPIM_SET_HSIOM_SEL(SPIM_SS3_HSIOM_REG, SPIM_SS3_HSIOM_MASK,
 264:Generated_Source\PSoC4/SPIM_SPI.c ****                                        SPIM_SS3_HSIOM_POS, SPIM_SS3_HSIOM_SEL_SPI);
 265:Generated_Source\PSoC4/SPIM_SPI.c ****     #endif /* (SPIM_SS3_PIN) */
 266:Generated_Source\PSoC4/SPIM_SPI.c ****     }
 267:Generated_Source\PSoC4/SPIM_SPI.c **** 
 268:Generated_Source\PSoC4/SPIM_SPI.c **** #else
 269:Generated_Source\PSoC4/SPIM_SPI.c **** 
 270:Generated_Source\PSoC4/SPIM_SPI.c ****     #if (SPIM_SPI_MASTER_SCLK_PIN)
 271:Generated_Source\PSoC4/SPIM_SPI.c ****         /* Set SCB SPI to drive output pin */
 272:Generated_Source\PSoC4/SPIM_SPI.c ****         SPIM_SET_HSIOM_SEL(SPIM_SCLK_M_HSIOM_REG, SPIM_SCLK_M_HSIOM_MASK,
 273:Generated_Source\PSoC4/SPIM_SPI.c ****                                        SPIM_SCLK_M_HSIOM_POS, SPIM_SCLK_M_HSIOM_SEL_SPI);
 274:Generated_Source\PSoC4/SPIM_SPI.c ****     #endif /* (SPIM_MISO_SDA_TX_PIN_PIN) */
 275:Generated_Source\PSoC4/SPIM_SPI.c **** 
 276:Generated_Source\PSoC4/SPIM_SPI.c ****     #if (SPIM_SPI_MASTER_SS0_PIN)
 277:Generated_Source\PSoC4/SPIM_SPI.c ****         /* Set SCB SPI to drive output pin */
 278:Generated_Source\PSoC4/SPIM_SPI.c ****         SPIM_SET_HSIOM_SEL(SPIM_SS0_M_HSIOM_REG, SPIM_SS0_M_HSIOM_MASK,
 279:Generated_Source\PSoC4/SPIM_SPI.c ****                                        SPIM_SS0_M_HSIOM_POS, SPIM_SS0_M_HSIOM_SEL_SPI);
 280:Generated_Source\PSoC4/SPIM_SPI.c ****     #endif /* (SPIM_SPI_MASTER_SS0_PIN) */
 281:Generated_Source\PSoC4/SPIM_SPI.c **** 
 282:Generated_Source\PSoC4/SPIM_SPI.c ****     #if (SPIM_SPI_MASTER_SS1_PIN)
 283:Generated_Source\PSoC4/SPIM_SPI.c ****         /* Set SCB SPI to drive output pin */
 284:Generated_Source\PSoC4/SPIM_SPI.c ****         SPIM_SET_HSIOM_SEL(SPIM_SS1_M_HSIOM_REG, SPIM_SS1_M_HSIOM_MASK,
 285:Generated_Source\PSoC4/SPIM_SPI.c ****                                        SPIM_SS1_M_HSIOM_POS, SPIM_SS1_M_HSIOM_SEL_SPI);
 286:Generated_Source\PSoC4/SPIM_SPI.c ****     #endif /* (SPIM_SPI_MASTER_SS1_PIN) */
 287:Generated_Source\PSoC4/SPIM_SPI.c **** 
 288:Generated_Source\PSoC4/SPIM_SPI.c ****     #if (SPIM_SPI_MASTER_SS2_PIN)
 289:Generated_Source\PSoC4/SPIM_SPI.c ****         /* Set SCB SPI to drive output pin */
 290:Generated_Source\PSoC4/SPIM_SPI.c ****         SPIM_SET_HSIOM_SEL(SPIM_SS2_M_HSIOM_REG, SPIM_SS2_M_HSIOM_MASK,
 291:Generated_Source\PSoC4/SPIM_SPI.c ****                                        SPIM_SS2_M_HSIOM_POS, SPIM_SS2_M_HSIOM_SEL_SPI);
 292:Generated_Source\PSoC4/SPIM_SPI.c ****     #endif /* (SPIM_SPI_MASTER_SS2_PIN) */
 293:Generated_Source\PSoC4/SPIM_SPI.c **** 
 294:Generated_Source\PSoC4/SPIM_SPI.c ****     #if (SPIM_SPI_MASTER_SS3_PIN)
 295:Generated_Source\PSoC4/SPIM_SPI.c ****         /* Set SCB SPI to drive output pin */
 296:Generated_Source\PSoC4/SPIM_SPI.c ****         SPIM_SET_HSIOM_SEL(SPIM_SS3_M_HSIOM_REG, SPIM_SS3_M_HSIOM_MASK,
 297:Generated_Source\PSoC4/SPIM_SPI.c ****                                        SPIM_SS3_M_HSIOM_POS, SPIM_SS3_M_HSIOM_SEL_SPI);
 298:Generated_Source\PSoC4/SPIM_SPI.c ****     #endif /* (SPIM_SPI_MASTER_SS3_PIN) */
 299:Generated_Source\PSoC4/SPIM_SPI.c **** 
 300:Generated_Source\PSoC4/SPIM_SPI.c **** #endif /* (SPIM_SCB_MODE_UNCONFIG_CONST_CFG) */
 301:Generated_Source\PSoC4/SPIM_SPI.c **** 
 302:Generated_Source\PSoC4/SPIM_SPI.c ****     /* Restore TX interrupt sources. */
 303:Generated_Source\PSoC4/SPIM_SPI.c ****     SPIM_SetTxInterruptMode(SPIM_IntrTxMask);
  33              		.loc 1 303 0
  34 0000 024B     		ldr	r3, .L2
 304:Generated_Source\PSoC4/SPIM_SPI.c **** }
  35              		.loc 1 304 0
  36              		@ sp needed
 303:Generated_Source\PSoC4/SPIM_SPI.c **** }
  37              		.loc 1 303 0
ARM GAS  C:\Users\Ala\AppData\Local\Temp\ccs9JxuM.s 			page 7


  38 0002 1A88     		ldrh	r2, [r3]
  39 0004 024B     		ldr	r3, .L2+4
  40 0006 1A60     		str	r2, [r3]
  41              		.loc 1 304 0
  42 0008 7047     		bx	lr
  43              	.L3:
  44 000a C046     		.align	2
  45              	.L2:
  46 000c 00000000 		.word	SPIM_IntrTxMask
  47 0010 880F0740 		.word	1074204552
  48              		.cfi_endproc
  49              	.LFE1:
  50              		.size	SPIM_SpiPostEnable, .-SPIM_SpiPostEnable
  51              		.section	.text.SPIM_SpiStop,"ax",%progbits
  52              		.align	1
  53              		.global	SPIM_SpiStop
  54              		.code	16
  55              		.thumb_func
  56              		.type	SPIM_SpiStop, %function
  57              	SPIM_SpiStop:
  58              	.LFB2:
 305:Generated_Source\PSoC4/SPIM_SPI.c **** 
 306:Generated_Source\PSoC4/SPIM_SPI.c **** 
 307:Generated_Source\PSoC4/SPIM_SPI.c **** /*******************************************************************************
 308:Generated_Source\PSoC4/SPIM_SPI.c **** * Function Name: SPIM_SpiStop
 309:Generated_Source\PSoC4/SPIM_SPI.c **** ****************************************************************************//**
 310:Generated_Source\PSoC4/SPIM_SPI.c **** *
 311:Generated_Source\PSoC4/SPIM_SPI.c **** *  Changes the HSIOM settings for the SPI master output pins 
 312:Generated_Source\PSoC4/SPIM_SPI.c **** *  (SCLK and/or SS0-SS3) to keep them inactive after the block is disabled. 
 313:Generated_Source\PSoC4/SPIM_SPI.c **** *  The output pins are controlled by the GPIO data register.
 314:Generated_Source\PSoC4/SPIM_SPI.c **** *
 315:Generated_Source\PSoC4/SPIM_SPI.c **** *******************************************************************************/
 316:Generated_Source\PSoC4/SPIM_SPI.c **** void SPIM_SpiStop(void)
 317:Generated_Source\PSoC4/SPIM_SPI.c **** {
  59              		.loc 1 317 0
  60              		.cfi_startproc
  61              		@ args = 0, pretend = 0, frame = 0
  62              		@ frame_needed = 0, uses_anonymous_args = 0
  63              		@ link register save eliminated.
 318:Generated_Source\PSoC4/SPIM_SPI.c **** #if(SPIM_SCB_MODE_UNCONFIG_CONST_CFG)
 319:Generated_Source\PSoC4/SPIM_SPI.c **** 
 320:Generated_Source\PSoC4/SPIM_SPI.c ****     if (SPIM_CHECK_SPI_MASTER)
 321:Generated_Source\PSoC4/SPIM_SPI.c ****     {
 322:Generated_Source\PSoC4/SPIM_SPI.c ****     #if (SPIM_SCLK_PIN)
 323:Generated_Source\PSoC4/SPIM_SPI.c ****         /* Set output pin state after block is disabled */
 324:Generated_Source\PSoC4/SPIM_SPI.c ****         SPIM_spi_sclk_Write(SPIM_GET_SPI_SCLK_INACTIVE);
 325:Generated_Source\PSoC4/SPIM_SPI.c **** 
 326:Generated_Source\PSoC4/SPIM_SPI.c ****         /* Set GPIO to drive output pin */
 327:Generated_Source\PSoC4/SPIM_SPI.c ****         SPIM_SET_HSIOM_SEL(SPIM_SCLK_HSIOM_REG, SPIM_SCLK_HSIOM_MASK,
 328:Generated_Source\PSoC4/SPIM_SPI.c ****                                        SPIM_SCLK_HSIOM_POS, SPIM_SCLK_HSIOM_SEL_GPIO);
 329:Generated_Source\PSoC4/SPIM_SPI.c ****     #endif /* (SPIM_spi_sclk_PIN) */
 330:Generated_Source\PSoC4/SPIM_SPI.c **** 
 331:Generated_Source\PSoC4/SPIM_SPI.c ****     #if (SPIM_SS0_PIN)
 332:Generated_Source\PSoC4/SPIM_SPI.c ****         /* Set output pin state after block is disabled */
 333:Generated_Source\PSoC4/SPIM_SPI.c ****         SPIM_spi_ss0_Write(SPIM_GET_SPI_SS0_INACTIVE);
 334:Generated_Source\PSoC4/SPIM_SPI.c **** 
 335:Generated_Source\PSoC4/SPIM_SPI.c ****         /* Set GPIO to drive output pin */
ARM GAS  C:\Users\Ala\AppData\Local\Temp\ccs9JxuM.s 			page 8


 336:Generated_Source\PSoC4/SPIM_SPI.c ****         SPIM_SET_HSIOM_SEL(SPIM_SS0_HSIOM_REG, SPIM_SS0_HSIOM_MASK,
 337:Generated_Source\PSoC4/SPIM_SPI.c ****                                        SPIM_SS0_HSIOM_POS, SPIM_SS0_HSIOM_SEL_GPIO);
 338:Generated_Source\PSoC4/SPIM_SPI.c ****     #endif /* (SPIM_spi_ss0_PIN) */
 339:Generated_Source\PSoC4/SPIM_SPI.c **** 
 340:Generated_Source\PSoC4/SPIM_SPI.c ****     #if (SPIM_SS1_PIN)
 341:Generated_Source\PSoC4/SPIM_SPI.c ****         /* Set output pin state after block is disabled */
 342:Generated_Source\PSoC4/SPIM_SPI.c ****         SPIM_spi_ss1_Write(SPIM_GET_SPI_SS1_INACTIVE);
 343:Generated_Source\PSoC4/SPIM_SPI.c **** 
 344:Generated_Source\PSoC4/SPIM_SPI.c ****         /* Set GPIO to drive output pin */
 345:Generated_Source\PSoC4/SPIM_SPI.c ****         SPIM_SET_HSIOM_SEL(SPIM_SS1_HSIOM_REG, SPIM_SS1_HSIOM_MASK,
 346:Generated_Source\PSoC4/SPIM_SPI.c ****                                        SPIM_SS1_HSIOM_POS, SPIM_SS1_HSIOM_SEL_GPIO);
 347:Generated_Source\PSoC4/SPIM_SPI.c ****     #endif /* (SPIM_SS1_PIN) */
 348:Generated_Source\PSoC4/SPIM_SPI.c **** 
 349:Generated_Source\PSoC4/SPIM_SPI.c ****     #if (SPIM_SS2_PIN)
 350:Generated_Source\PSoC4/SPIM_SPI.c ****         /* Set output pin state after block is disabled */
 351:Generated_Source\PSoC4/SPIM_SPI.c ****         SPIM_spi_ss2_Write(SPIM_GET_SPI_SS2_INACTIVE);
 352:Generated_Source\PSoC4/SPIM_SPI.c **** 
 353:Generated_Source\PSoC4/SPIM_SPI.c ****         /* Set GPIO to drive output pin */
 354:Generated_Source\PSoC4/SPIM_SPI.c ****         SPIM_SET_HSIOM_SEL(SPIM_SS2_HSIOM_REG, SPIM_SS2_HSIOM_MASK,
 355:Generated_Source\PSoC4/SPIM_SPI.c ****                                        SPIM_SS2_HSIOM_POS, SPIM_SS2_HSIOM_SEL_GPIO);
 356:Generated_Source\PSoC4/SPIM_SPI.c ****     #endif /* (SPIM_SS2_PIN) */
 357:Generated_Source\PSoC4/SPIM_SPI.c **** 
 358:Generated_Source\PSoC4/SPIM_SPI.c ****     #if (SPIM_SS3_PIN)
 359:Generated_Source\PSoC4/SPIM_SPI.c ****         /* Set output pin state after block is disabled */
 360:Generated_Source\PSoC4/SPIM_SPI.c ****         SPIM_spi_ss3_Write(SPIM_GET_SPI_SS3_INACTIVE);
 361:Generated_Source\PSoC4/SPIM_SPI.c **** 
 362:Generated_Source\PSoC4/SPIM_SPI.c ****         /* Set GPIO to drive output pin */
 363:Generated_Source\PSoC4/SPIM_SPI.c ****         SPIM_SET_HSIOM_SEL(SPIM_SS3_HSIOM_REG, SPIM_SS3_HSIOM_MASK,
 364:Generated_Source\PSoC4/SPIM_SPI.c ****                                        SPIM_SS3_HSIOM_POS, SPIM_SS3_HSIOM_SEL_GPIO);
 365:Generated_Source\PSoC4/SPIM_SPI.c ****     #endif /* (SPIM_SS3_PIN) */
 366:Generated_Source\PSoC4/SPIM_SPI.c ****     
 367:Generated_Source\PSoC4/SPIM_SPI.c ****         /* Store TX interrupt sources (exclude level triggered) for master. */
 368:Generated_Source\PSoC4/SPIM_SPI.c ****         SPIM_IntrTxMask = LO16(SPIM_GetTxInterruptMode() & SPIM_INTR_SPIM_TX_RESTORE);
 369:Generated_Source\PSoC4/SPIM_SPI.c ****     }
 370:Generated_Source\PSoC4/SPIM_SPI.c ****     else
 371:Generated_Source\PSoC4/SPIM_SPI.c ****     {
 372:Generated_Source\PSoC4/SPIM_SPI.c ****         /* Store TX interrupt sources (exclude level triggered) for slave. */
 373:Generated_Source\PSoC4/SPIM_SPI.c ****         SPIM_IntrTxMask = LO16(SPIM_GetTxInterruptMode() & SPIM_INTR_SPIS_TX_RESTORE);
 374:Generated_Source\PSoC4/SPIM_SPI.c ****     }
 375:Generated_Source\PSoC4/SPIM_SPI.c **** 
 376:Generated_Source\PSoC4/SPIM_SPI.c **** #else
 377:Generated_Source\PSoC4/SPIM_SPI.c **** 
 378:Generated_Source\PSoC4/SPIM_SPI.c **** #if (SPIM_SPI_MASTER_SCLK_PIN)
 379:Generated_Source\PSoC4/SPIM_SPI.c ****     /* Set output pin state after block is disabled */
 380:Generated_Source\PSoC4/SPIM_SPI.c ****     SPIM_sclk_m_Write(SPIM_GET_SPI_SCLK_INACTIVE);
 381:Generated_Source\PSoC4/SPIM_SPI.c **** 
 382:Generated_Source\PSoC4/SPIM_SPI.c ****     /* Set GPIO to drive output pin */
 383:Generated_Source\PSoC4/SPIM_SPI.c ****     SPIM_SET_HSIOM_SEL(SPIM_SCLK_M_HSIOM_REG, SPIM_SCLK_M_HSIOM_MASK,
 384:Generated_Source\PSoC4/SPIM_SPI.c ****                                    SPIM_SCLK_M_HSIOM_POS, SPIM_SCLK_M_HSIOM_SEL_GPIO);
 385:Generated_Source\PSoC4/SPIM_SPI.c **** #endif /* (SPIM_MISO_SDA_TX_PIN_PIN) */
 386:Generated_Source\PSoC4/SPIM_SPI.c **** 
 387:Generated_Source\PSoC4/SPIM_SPI.c **** #if (SPIM_SPI_MASTER_SS0_PIN)
 388:Generated_Source\PSoC4/SPIM_SPI.c ****     /* Set output pin state after block is disabled */
 389:Generated_Source\PSoC4/SPIM_SPI.c ****     SPIM_ss0_m_Write(SPIM_GET_SPI_SS0_INACTIVE);
 390:Generated_Source\PSoC4/SPIM_SPI.c **** 
 391:Generated_Source\PSoC4/SPIM_SPI.c ****     /* Set GPIO to drive output pin */
 392:Generated_Source\PSoC4/SPIM_SPI.c ****     SPIM_SET_HSIOM_SEL(SPIM_SS0_M_HSIOM_REG, SPIM_SS0_M_HSIOM_MASK,
ARM GAS  C:\Users\Ala\AppData\Local\Temp\ccs9JxuM.s 			page 9


 393:Generated_Source\PSoC4/SPIM_SPI.c ****                                    SPIM_SS0_M_HSIOM_POS, SPIM_SS0_M_HSIOM_SEL_GPIO);
 394:Generated_Source\PSoC4/SPIM_SPI.c **** #endif /* (SPIM_SPI_MASTER_SS0_PIN) */
 395:Generated_Source\PSoC4/SPIM_SPI.c **** 
 396:Generated_Source\PSoC4/SPIM_SPI.c **** #if (SPIM_SPI_MASTER_SS1_PIN)
 397:Generated_Source\PSoC4/SPIM_SPI.c ****     /* Set output pin state after block is disabled */
 398:Generated_Source\PSoC4/SPIM_SPI.c ****     SPIM_ss1_m_Write(SPIM_GET_SPI_SS1_INACTIVE);
 399:Generated_Source\PSoC4/SPIM_SPI.c **** 
 400:Generated_Source\PSoC4/SPIM_SPI.c ****     /* Set GPIO to drive output pin */
 401:Generated_Source\PSoC4/SPIM_SPI.c ****     SPIM_SET_HSIOM_SEL(SPIM_SS1_M_HSIOM_REG, SPIM_SS1_M_HSIOM_MASK,
 402:Generated_Source\PSoC4/SPIM_SPI.c ****                                    SPIM_SS1_M_HSIOM_POS, SPIM_SS1_M_HSIOM_SEL_GPIO);
 403:Generated_Source\PSoC4/SPIM_SPI.c **** #endif /* (SPIM_SPI_MASTER_SS1_PIN) */
 404:Generated_Source\PSoC4/SPIM_SPI.c **** 
 405:Generated_Source\PSoC4/SPIM_SPI.c **** #if (SPIM_SPI_MASTER_SS2_PIN)
 406:Generated_Source\PSoC4/SPIM_SPI.c ****     /* Set output pin state after block is disabled */
 407:Generated_Source\PSoC4/SPIM_SPI.c ****     SPIM_ss2_m_Write(SPIM_GET_SPI_SS2_INACTIVE);
 408:Generated_Source\PSoC4/SPIM_SPI.c **** 
 409:Generated_Source\PSoC4/SPIM_SPI.c ****     /* Set GPIO to drive output pin */
 410:Generated_Source\PSoC4/SPIM_SPI.c ****     SPIM_SET_HSIOM_SEL(SPIM_SS2_M_HSIOM_REG, SPIM_SS2_M_HSIOM_MASK,
 411:Generated_Source\PSoC4/SPIM_SPI.c ****                                    SPIM_SS2_M_HSIOM_POS, SPIM_SS2_M_HSIOM_SEL_GPIO);
 412:Generated_Source\PSoC4/SPIM_SPI.c **** #endif /* (SPIM_SPI_MASTER_SS2_PIN) */
 413:Generated_Source\PSoC4/SPIM_SPI.c **** 
 414:Generated_Source\PSoC4/SPIM_SPI.c **** #if (SPIM_SPI_MASTER_SS3_PIN)
 415:Generated_Source\PSoC4/SPIM_SPI.c ****     /* Set output pin state after block is disabled */
 416:Generated_Source\PSoC4/SPIM_SPI.c ****     SPIM_ss3_m_Write(SPIM_GET_SPI_SS3_INACTIVE);
 417:Generated_Source\PSoC4/SPIM_SPI.c **** 
 418:Generated_Source\PSoC4/SPIM_SPI.c ****     /* Set GPIO to drive output pin */
 419:Generated_Source\PSoC4/SPIM_SPI.c ****     SPIM_SET_HSIOM_SEL(SPIM_SS3_M_HSIOM_REG, SPIM_SS3_M_HSIOM_MASK,
 420:Generated_Source\PSoC4/SPIM_SPI.c ****                                    SPIM_SS3_M_HSIOM_POS, SPIM_SS3_M_HSIOM_SEL_GPIO);
 421:Generated_Source\PSoC4/SPIM_SPI.c **** #endif /* (SPIM_SPI_MASTER_SS3_PIN) */
 422:Generated_Source\PSoC4/SPIM_SPI.c **** 
 423:Generated_Source\PSoC4/SPIM_SPI.c ****     #if (SPIM_SPI_MASTER_CONST)
 424:Generated_Source\PSoC4/SPIM_SPI.c ****         /* Store TX interrupt sources (exclude level triggered). */
 425:Generated_Source\PSoC4/SPIM_SPI.c ****         SPIM_IntrTxMask = LO16(SPIM_GetTxInterruptMode() & SPIM_INTR_SPIM_TX_RESTORE);
  64              		.loc 1 425 0
  65 0000 034B     		ldr	r3, .L5
 426:Generated_Source\PSoC4/SPIM_SPI.c ****     #else
 427:Generated_Source\PSoC4/SPIM_SPI.c ****         /* Store TX interrupt sources (exclude level triggered). */
 428:Generated_Source\PSoC4/SPIM_SPI.c ****         SPIM_IntrTxMask = LO16(SPIM_GetTxInterruptMode() & SPIM_INTR_SPIS_TX_RESTORE);
 429:Generated_Source\PSoC4/SPIM_SPI.c ****     #endif /* (SPIM_SPI_MASTER_CONST) */
 430:Generated_Source\PSoC4/SPIM_SPI.c **** 
 431:Generated_Source\PSoC4/SPIM_SPI.c **** #endif /* (SPIM_SCB_MODE_UNCONFIG_CONST_CFG) */
 432:Generated_Source\PSoC4/SPIM_SPI.c **** }
  66              		.loc 1 432 0
  67              		@ sp needed
 425:Generated_Source\PSoC4/SPIM_SPI.c ****     #else
  68              		.loc 1 425 0
  69 0002 1A68     		ldr	r2, [r3]
  70 0004 2023     		movs	r3, #32
  71 0006 1340     		ands	r3, r2
  72 0008 024A     		ldr	r2, .L5+4
  73 000a 1380     		strh	r3, [r2]
  74              		.loc 1 432 0
  75 000c 7047     		bx	lr
  76              	.L6:
  77 000e C046     		.align	2
  78              	.L5:
  79 0010 880F0740 		.word	1074204552
ARM GAS  C:\Users\Ala\AppData\Local\Temp\ccs9JxuM.s 			page 10


  80 0014 00000000 		.word	SPIM_IntrTxMask
  81              		.cfi_endproc
  82              	.LFE2:
  83              		.size	SPIM_SpiStop, .-SPIM_SpiStop
  84              		.section	.text.SPIM_SpiSetActiveSlaveSelect,"ax",%progbits
  85              		.align	1
  86              		.global	SPIM_SpiSetActiveSlaveSelect
  87              		.code	16
  88              		.thumb_func
  89              		.type	SPIM_SpiSetActiveSlaveSelect, %function
  90              	SPIM_SpiSetActiveSlaveSelect:
  91              	.LFB3:
 433:Generated_Source\PSoC4/SPIM_SPI.c **** 
 434:Generated_Source\PSoC4/SPIM_SPI.c **** 
 435:Generated_Source\PSoC4/SPIM_SPI.c **** #if (SPIM_SPI_MASTER_CONST)
 436:Generated_Source\PSoC4/SPIM_SPI.c ****     /*******************************************************************************
 437:Generated_Source\PSoC4/SPIM_SPI.c ****     * Function Name: SPIM_SetActiveSlaveSelect
 438:Generated_Source\PSoC4/SPIM_SPI.c ****     ****************************************************************************//**
 439:Generated_Source\PSoC4/SPIM_SPI.c ****     *
 440:Generated_Source\PSoC4/SPIM_SPI.c ****     *  Selects one of the four slave select lines to be active during the transfer.
 441:Generated_Source\PSoC4/SPIM_SPI.c ****     *  After initialization the active slave select line is 0.
 442:Generated_Source\PSoC4/SPIM_SPI.c ****     *  The component should be in one of the following states to change the active
 443:Generated_Source\PSoC4/SPIM_SPI.c ****     *  slave select signal source correctly:
 444:Generated_Source\PSoC4/SPIM_SPI.c ****     *   - The component is disabled.
 445:Generated_Source\PSoC4/SPIM_SPI.c ****     *   - The component has completed transfer (TX FIFO is empty and the
 446:Generated_Source\PSoC4/SPIM_SPI.c ****     *     SCB_INTR_MASTER_SPI_DONE status is set).
 447:Generated_Source\PSoC4/SPIM_SPI.c ****     *
 448:Generated_Source\PSoC4/SPIM_SPI.c ****     *  This function does not check that these conditions are met.
 449:Generated_Source\PSoC4/SPIM_SPI.c ****     *  This function is only applicable to SPI Master mode of operation.
 450:Generated_Source\PSoC4/SPIM_SPI.c ****     *
 451:Generated_Source\PSoC4/SPIM_SPI.c ****     *  \param slaveSelect: slave select line which will be active while the following
 452:Generated_Source\PSoC4/SPIM_SPI.c ****     *   transfer.
 453:Generated_Source\PSoC4/SPIM_SPI.c ****     *   - SPIM_SPI_SLAVE_SELECT0 - Slave select 0.
 454:Generated_Source\PSoC4/SPIM_SPI.c ****     *   - SPIM_SPI_SLAVE_SELECT1 - Slave select 1.
 455:Generated_Source\PSoC4/SPIM_SPI.c ****     *   - SPIM_SPI_SLAVE_SELECT2 - Slave select 2.
 456:Generated_Source\PSoC4/SPIM_SPI.c ****     *   - SPIM_SPI_SLAVE_SELECT3 - Slave select 3.
 457:Generated_Source\PSoC4/SPIM_SPI.c ****     *
 458:Generated_Source\PSoC4/SPIM_SPI.c ****     *******************************************************************************/
 459:Generated_Source\PSoC4/SPIM_SPI.c ****     void SPIM_SpiSetActiveSlaveSelect(uint32 slaveSelect)
 460:Generated_Source\PSoC4/SPIM_SPI.c ****     {
  92              		.loc 1 460 0
  93              		.cfi_startproc
  94              		@ args = 0, pretend = 0, frame = 0
  95              		@ frame_needed = 0, uses_anonymous_args = 0
  96              		@ link register save eliminated.
  97              	.LVL0:
 461:Generated_Source\PSoC4/SPIM_SPI.c ****         uint32 spiCtrl;
 462:Generated_Source\PSoC4/SPIM_SPI.c **** 
 463:Generated_Source\PSoC4/SPIM_SPI.c ****         spiCtrl = SPIM_SPI_CTRL_REG;
  98              		.loc 1 463 0
  99 0000 0549     		ldr	r1, .L8
 464:Generated_Source\PSoC4/SPIM_SPI.c **** 
 465:Generated_Source\PSoC4/SPIM_SPI.c ****         spiCtrl &= (uint32) ~SPIM_SPI_CTRL_SLAVE_SELECT_MASK;
 100              		.loc 1 465 0
 101 0002 064B     		ldr	r3, .L8+4
 463:Generated_Source\PSoC4/SPIM_SPI.c **** 
 102              		.loc 1 463 0
ARM GAS  C:\Users\Ala\AppData\Local\Temp\ccs9JxuM.s 			page 11


 103 0004 0A68     		ldr	r2, [r1]
 104              	.LVL1:
 466:Generated_Source\PSoC4/SPIM_SPI.c ****         spiCtrl |= (uint32)  SPIM_GET_SPI_CTRL_SS(slaveSelect);
 105              		.loc 1 466 0
 106 0006 8006     		lsls	r0, r0, #26
 107              	.LVL2:
 465:Generated_Source\PSoC4/SPIM_SPI.c ****         spiCtrl |= (uint32)  SPIM_GET_SPI_CTRL_SS(slaveSelect);
 108              		.loc 1 465 0
 109 0008 1340     		ands	r3, r2
 110              	.LVL3:
 111              		.loc 1 466 0
 112 000a C022     		movs	r2, #192
 113 000c 1205     		lsls	r2, r2, #20
 114 000e 1040     		ands	r0, r2
 115 0010 1843     		orrs	r0, r3
 116              	.LVL4:
 467:Generated_Source\PSoC4/SPIM_SPI.c **** 
 468:Generated_Source\PSoC4/SPIM_SPI.c ****         SPIM_SPI_CTRL_REG = spiCtrl;
 117              		.loc 1 468 0
 118 0012 0860     		str	r0, [r1]
 469:Generated_Source\PSoC4/SPIM_SPI.c ****     }
 119              		.loc 1 469 0
 120              		@ sp needed
 121 0014 7047     		bx	lr
 122              	.L9:
 123 0016 C046     		.align	2
 124              	.L8:
 125 0018 20000740 		.word	1074200608
 126 001c FFFFFFF3 		.word	-201326593
 127              		.cfi_endproc
 128              	.LFE3:
 129              		.size	SPIM_SpiSetActiveSlaveSelect, .-SPIM_SpiSetActiveSlaveSelect
 130              		.section	.text.SPIM_SpiInit,"ax",%progbits
 131              		.align	1
 132              		.global	SPIM_SpiInit
 133              		.code	16
 134              		.thumb_func
 135              		.type	SPIM_SpiInit, %function
 136              	SPIM_SpiInit:
 137              	.LFB0:
 173:Generated_Source\PSoC4/SPIM_SPI.c ****         /* Configure SPI interface */
 138              		.loc 1 173 0
 139              		.cfi_startproc
 140              		@ args = 0, pretend = 0, frame = 0
 141              		@ frame_needed = 0, uses_anonymous_args = 0
 175:Generated_Source\PSoC4/SPIM_SPI.c ****         SPIM_SPI_CTRL_REG = SPIM_SPI_DEFAULT_SPI_CTRL;
 142              		.loc 1 175 0
 143 0000 1B4A     		ldr	r2, .L11
 144 0002 1C4B     		ldr	r3, .L11+4
 173:Generated_Source\PSoC4/SPIM_SPI.c ****         /* Configure SPI interface */
 145              		.loc 1 173 0
 146 0004 10B5     		push	{r4, lr}
 147              		.cfi_def_cfa_offset 8
 148              		.cfi_offset 4, -8
 149              		.cfi_offset 14, -4
 175:Generated_Source\PSoC4/SPIM_SPI.c ****         SPIM_SPI_CTRL_REG = SPIM_SPI_DEFAULT_SPI_CTRL;
 150              		.loc 1 175 0
ARM GAS  C:\Users\Ala\AppData\Local\Temp\ccs9JxuM.s 			page 12


 151 0006 1A60     		str	r2, [r3]
 176:Generated_Source\PSoC4/SPIM_SPI.c **** 
 152              		.loc 1 176 0
 153 0008 1B4A     		ldr	r2, .L11+8
 154 000a 1C4B     		ldr	r3, .L11+12
 184:Generated_Source\PSoC4/SPIM_SPI.c **** 
 155              		.loc 1 184 0
 156 000c 0024     		movs	r4, #0
 176:Generated_Source\PSoC4/SPIM_SPI.c **** 
 157              		.loc 1 176 0
 158 000e 1A60     		str	r2, [r3]
 179:Generated_Source\PSoC4/SPIM_SPI.c ****         SPIM_RX_FIFO_CTRL_REG = SPIM_SPI_DEFAULT_RX_FIFO_CTRL;
 159              		.loc 1 179 0
 160 0010 1B4A     		ldr	r2, .L11+16
 161 0012 1C4B     		ldr	r3, .L11+20
 188:Generated_Source\PSoC4/SPIM_SPI.c ****             CyIntSetPriority(SPIM_ISR_NUMBER, SPIM_ISR_PRIORITY);
 162              		.loc 1 188 0
 163 0014 0B20     		movs	r0, #11
 179:Generated_Source\PSoC4/SPIM_SPI.c ****         SPIM_RX_FIFO_CTRL_REG = SPIM_SPI_DEFAULT_RX_FIFO_CTRL;
 164              		.loc 1 179 0
 165 0016 1A60     		str	r2, [r3]
 180:Generated_Source\PSoC4/SPIM_SPI.c **** 
 166              		.loc 1 180 0
 167 0018 0722     		movs	r2, #7
 168 001a 1B4B     		ldr	r3, .L11+24
 219:Generated_Source\PSoC4/SPIM_SPI.c **** #endif /* (SPIM_SCB_MODE_UNCONFIG_CONST_CFG) */
 169              		.loc 1 219 0
 170              		@ sp needed
 180:Generated_Source\PSoC4/SPIM_SPI.c **** 
 171              		.loc 1 180 0
 172 001c 1A60     		str	r2, [r3]
 183:Generated_Source\PSoC4/SPIM_SPI.c ****         SPIM_TX_FIFO_CTRL_REG = SPIM_SPI_DEFAULT_TX_FIFO_CTRL;
 173              		.loc 1 183 0
 174 001e 1B4A     		ldr	r2, .L11+28
 175 0020 1B4B     		ldr	r3, .L11+32
 176 0022 1A60     		str	r2, [r3]
 184:Generated_Source\PSoC4/SPIM_SPI.c **** 
 177              		.loc 1 184 0
 178 0024 1B4B     		ldr	r3, .L11+36
 179 0026 1C60     		str	r4, [r3]
 188:Generated_Source\PSoC4/SPIM_SPI.c ****             CyIntSetPriority(SPIM_ISR_NUMBER, SPIM_ISR_PRIORITY);
 180              		.loc 1 188 0
 181 0028 FFF7FEFF 		bl	CyIntDisable
 182              	.LVL5:
 189:Generated_Source\PSoC4/SPIM_SPI.c ****             (void) CyIntSetVector(SPIM_ISR_NUMBER, &SPIM_SPI_UART_ISR);
 183              		.loc 1 189 0
 184 002c 0321     		movs	r1, #3
 185 002e 0B20     		movs	r0, #11
 186 0030 FFF7FEFF 		bl	CyIntSetPriority
 187              	.LVL6:
 190:Generated_Source\PSoC4/SPIM_SPI.c ****     #endif /* (SPIM_SCB_IRQ_INTERNAL) */
 188              		.loc 1 190 0
 189 0034 1849     		ldr	r1, .L11+40
 190 0036 0B20     		movs	r0, #11
 191 0038 FFF7FEFF 		bl	CyIntSetVector
 192              	.LVL7:
 198:Generated_Source\PSoC4/SPIM_SPI.c ****         SPIM_INTR_TX_MASK_REG     = SPIM_SPI_DEFAULT_INTR_TX_MASK;
ARM GAS  C:\Users\Ala\AppData\Local\Temp\ccs9JxuM.s 			page 13


 193              		.loc 1 198 0
 194 003c 0422     		movs	r2, #4
 194:Generated_Source\PSoC4/SPIM_SPI.c ****         SPIM_INTR_SPI_EC_MASK_REG = SPIM_SPI_DEFAULT_INTR_SPI_EC_MASK;
 195              		.loc 1 194 0
 196 003e 174B     		ldr	r3, .L11+44
 206:Generated_Source\PSoC4/SPIM_SPI.c ****     #endif /* (SPIM_SPI_MASTER_CONST) */
 197              		.loc 1 206 0
 198 0040 2000     		movs	r0, r4
 194:Generated_Source\PSoC4/SPIM_SPI.c ****         SPIM_INTR_SPI_EC_MASK_REG = SPIM_SPI_DEFAULT_INTR_SPI_EC_MASK;
 199              		.loc 1 194 0
 200 0042 1C60     		str	r4, [r3]
 195:Generated_Source\PSoC4/SPIM_SPI.c ****         SPIM_INTR_SLAVE_MASK_REG  = SPIM_SPI_DEFAULT_INTR_SLAVE_MASK;
 201              		.loc 1 195 0
 202 0044 164B     		ldr	r3, .L11+48
 203 0046 1C60     		str	r4, [r3]
 196:Generated_Source\PSoC4/SPIM_SPI.c ****         SPIM_INTR_MASTER_MASK_REG = SPIM_SPI_DEFAULT_INTR_MASTER_MASK;
 204              		.loc 1 196 0
 205 0048 164B     		ldr	r3, .L11+52
 206 004a 1C60     		str	r4, [r3]
 197:Generated_Source\PSoC4/SPIM_SPI.c ****         SPIM_INTR_RX_MASK_REG     = SPIM_SPI_DEFAULT_INTR_RX_MASK;
 207              		.loc 1 197 0
 208 004c 164B     		ldr	r3, .L11+56
 209 004e 1C60     		str	r4, [r3]
 198:Generated_Source\PSoC4/SPIM_SPI.c ****         SPIM_INTR_TX_MASK_REG     = SPIM_SPI_DEFAULT_INTR_TX_MASK;
 210              		.loc 1 198 0
 211 0050 164B     		ldr	r3, .L11+60
 212 0052 1A60     		str	r2, [r3]
 199:Generated_Source\PSoC4/SPIM_SPI.c **** 
 213              		.loc 1 199 0
 214 0054 164B     		ldr	r3, .L11+64
 215 0056 1C60     		str	r4, [r3]
 202:Generated_Source\PSoC4/SPIM_SPI.c ****             
 216              		.loc 1 202 0
 217 0058 1A68     		ldr	r2, [r3]
 218 005a 164B     		ldr	r3, .L11+68
 219 005c 1A80     		strh	r2, [r3]
 206:Generated_Source\PSoC4/SPIM_SPI.c ****     #endif /* (SPIM_SPI_MASTER_CONST) */
 220              		.loc 1 206 0
 221 005e FFF7FEFF 		bl	SPIM_SpiSetActiveSlaveSelect
 222              	.LVL8:
 210:Generated_Source\PSoC4/SPIM_SPI.c ****         SPIM_rxBufferTail     = 0u;
 223              		.loc 1 210 0
 224 0062 154B     		ldr	r3, .L11+72
 225 0064 1C60     		str	r4, [r3]
 211:Generated_Source\PSoC4/SPIM_SPI.c ****         SPIM_rxBufferOverflow = 0u;
 226              		.loc 1 211 0
 227 0066 154B     		ldr	r3, .L11+76
 228 0068 1C60     		str	r4, [r3]
 212:Generated_Source\PSoC4/SPIM_SPI.c ****     #endif /* (SPIM_INTERNAL_RX_SW_BUFFER_CONST) */
 229              		.loc 1 212 0
 230 006a 154B     		ldr	r3, .L11+80
 231 006c 1C70     		strb	r4, [r3]
 219:Generated_Source\PSoC4/SPIM_SPI.c **** #endif /* (SPIM_SCB_MODE_UNCONFIG_CONST_CFG) */
 232              		.loc 1 219 0
 233 006e 10BD     		pop	{r4, pc}
 234              	.L12:
 235              		.align	2
ARM GAS  C:\Users\Ala\AppData\Local\Temp\ccs9JxuM.s 			page 14


 236              	.L11:
 237 0070 0F000001 		.word	16777231
 238 0074 00000740 		.word	1074200576
 239 0078 0D000080 		.word	-2147483635
 240 007c 20000740 		.word	1074200608
 241 0080 07030080 		.word	-2147482873
 242 0084 00030740 		.word	1074201344
 243 0088 04030740 		.word	1074201348
 244 008c 07010080 		.word	-2147483385
 245 0090 00020740 		.word	1074201088
 246 0094 04020740 		.word	1074201092
 247 0098 00000000 		.word	SPIM_SPI_UART_ISR
 248 009c 880E0740 		.word	1074204296
 249 00a0 C80E0740 		.word	1074204360
 250 00a4 480F0740 		.word	1074204488
 251 00a8 080F0740 		.word	1074204424
 252 00ac C80F0740 		.word	1074204616
 253 00b0 880F0740 		.word	1074204552
 254 00b4 00000000 		.word	SPIM_IntrTxMask
 255 00b8 00000000 		.word	SPIM_rxBufferHead
 256 00bc 00000000 		.word	SPIM_rxBufferTail
 257 00c0 00000000 		.word	SPIM_rxBufferOverflow
 258              		.cfi_endproc
 259              	.LFE0:
 260              		.size	SPIM_SpiInit, .-SPIM_SpiInit
 261              		.text
 262              	.Letext0:
 263              		.file 2 "Generated_Source\\PSoC4/cytypes.h"
 264              		.file 3 "Generated_Source\\PSoC4\\SPIM_PVT.h"
 265              		.file 4 "Generated_Source\\PSoC4\\SPIM_SPI_UART_PVT.h"
 266              		.file 5 "Generated_Source\\PSoC4/CyLib.h"
 267              		.section	.debug_info,"",%progbits
 268              	.Ldebug_info0:
 269 0000 D0010000 		.4byte	0x1d0
 270 0004 0400     		.2byte	0x4
 271 0006 00000000 		.4byte	.Ldebug_abbrev0
 272 000a 04       		.byte	0x4
 273 000b 01       		.uleb128 0x1
 274 000c E9010000 		.4byte	.LASF29
 275 0010 0C       		.byte	0xc
 276 0011 F1000000 		.4byte	.LASF30
 277 0015 86010000 		.4byte	.LASF31
 278 0019 00000000 		.4byte	.Ldebug_ranges0+0
 279 001d 00000000 		.4byte	0
 280 0021 00000000 		.4byte	.Ldebug_line0
 281 0025 02       		.uleb128 0x2
 282 0026 01       		.byte	0x1
 283 0027 06       		.byte	0x6
 284 0028 CD010000 		.4byte	.LASF0
 285 002c 02       		.uleb128 0x2
 286 002d 01       		.byte	0x1
 287 002e 08       		.byte	0x8
 288 002f 62000000 		.4byte	.LASF1
 289 0033 02       		.uleb128 0x2
 290 0034 02       		.byte	0x2
 291 0035 05       		.byte	0x5
 292 0036 5F010000 		.4byte	.LASF2
ARM GAS  C:\Users\Ala\AppData\Local\Temp\ccs9JxuM.s 			page 15


 293 003a 02       		.uleb128 0x2
 294 003b 02       		.byte	0x2
 295 003c 07       		.byte	0x7
 296 003d 21000000 		.4byte	.LASF3
 297 0041 02       		.uleb128 0x2
 298 0042 04       		.byte	0x4
 299 0043 05       		.byte	0x5
 300 0044 B3010000 		.4byte	.LASF4
 301 0048 02       		.uleb128 0x2
 302 0049 04       		.byte	0x4
 303 004a 07       		.byte	0x7
 304 004b 70000000 		.4byte	.LASF5
 305 004f 02       		.uleb128 0x2
 306 0050 08       		.byte	0x8
 307 0051 05       		.byte	0x5
 308 0052 1C010000 		.4byte	.LASF6
 309 0056 02       		.uleb128 0x2
 310 0057 08       		.byte	0x8
 311 0058 07       		.byte	0x7
 312 0059 C9000000 		.4byte	.LASF7
 313 005d 03       		.uleb128 0x3
 314 005e 04       		.byte	0x4
 315 005f 05       		.byte	0x5
 316 0060 696E7400 		.ascii	"int\000"
 317 0064 02       		.uleb128 0x2
 318 0065 04       		.byte	0x4
 319 0066 07       		.byte	0x7
 320 0067 BC000000 		.4byte	.LASF8
 321 006b 04       		.uleb128 0x4
 322 006c 82000000 		.4byte	.LASF9
 323 0070 02       		.byte	0x2
 324 0071 F701     		.2byte	0x1f7
 325 0073 2C000000 		.4byte	0x2c
 326 0077 04       		.uleb128 0x4
 327 0078 9C000000 		.4byte	.LASF10
 328 007c 02       		.byte	0x2
 329 007d F801     		.2byte	0x1f8
 330 007f 3A000000 		.4byte	0x3a
 331 0083 04       		.uleb128 0x4
 332 0084 B5000000 		.4byte	.LASF11
 333 0088 02       		.byte	0x2
 334 0089 F901     		.2byte	0x1f9
 335 008b 48000000 		.4byte	0x48
 336 008f 02       		.uleb128 0x2
 337 0090 04       		.byte	0x4
 338 0091 04       		.byte	0x4
 339 0092 5C000000 		.4byte	.LASF12
 340 0096 02       		.uleb128 0x2
 341 0097 08       		.byte	0x8
 342 0098 04       		.byte	0x4
 343 0099 95000000 		.4byte	.LASF13
 344 009d 02       		.uleb128 0x2
 345 009e 01       		.byte	0x1
 346 009f 08       		.byte	0x8
 347 00a0 BC010000 		.4byte	.LASF14
 348 00a4 05       		.uleb128 0x5
 349 00a5 6B000000 		.4byte	0x6b
ARM GAS  C:\Users\Ala\AppData\Local\Temp\ccs9JxuM.s 			page 16


 350 00a9 04       		.uleb128 0x4
 351 00aa 00000000 		.4byte	.LASF15
 352 00ae 02       		.byte	0x2
 353 00af A302     		.2byte	0x2a3
 354 00b1 B5000000 		.4byte	0xb5
 355 00b5 05       		.uleb128 0x5
 356 00b6 83000000 		.4byte	0x83
 357 00ba 02       		.uleb128 0x2
 358 00bb 08       		.byte	0x8
 359 00bc 04       		.byte	0x4
 360 00bd C1010000 		.4byte	.LASF16
 361 00c1 02       		.uleb128 0x2
 362 00c2 04       		.byte	0x4
 363 00c3 07       		.byte	0x7
 364 00c4 13010000 		.4byte	.LASF17
 365 00c8 06       		.uleb128 0x6
 366 00c9 37010000 		.4byte	.LASF18
 367 00cd 01       		.byte	0x1
 368 00ce E7       		.byte	0xe7
 369 00cf 00000000 		.4byte	.LFB1
 370 00d3 14000000 		.4byte	.LFE1-.LFB1
 371 00d7 01       		.uleb128 0x1
 372 00d8 9C       		.byte	0x9c
 373 00d9 07       		.uleb128 0x7
 374 00da 2A010000 		.4byte	.LASF19
 375 00de 01       		.byte	0x1
 376 00df 3C01     		.2byte	0x13c
 377 00e1 00000000 		.4byte	.LFB2
 378 00e5 18000000 		.4byte	.LFE2-.LFB2
 379 00e9 01       		.uleb128 0x1
 380 00ea 9C       		.byte	0x9c
 381 00eb 08       		.uleb128 0x8
 382 00ec 69010000 		.4byte	.LASF20
 383 00f0 01       		.byte	0x1
 384 00f1 CB01     		.2byte	0x1cb
 385 00f3 00000000 		.4byte	.LFB3
 386 00f7 20000000 		.4byte	.LFE3-.LFB3
 387 00fb 01       		.uleb128 0x1
 388 00fc 9C       		.byte	0x9c
 389 00fd 22010000 		.4byte	0x122
 390 0101 09       		.uleb128 0x9
 391 0102 06000000 		.4byte	.LASF32
 392 0106 01       		.byte	0x1
 393 0107 CB01     		.2byte	0x1cb
 394 0109 83000000 		.4byte	0x83
 395 010d 00000000 		.4byte	.LLST0
 396 0111 0A       		.uleb128 0xa
 397 0112 4A010000 		.4byte	.LASF33
 398 0116 01       		.byte	0x1
 399 0117 CD01     		.2byte	0x1cd
 400 0119 83000000 		.4byte	0x83
 401 011d 21000000 		.4byte	.LLST1
 402 0121 00       		.byte	0
 403 0122 0B       		.uleb128 0xb
 404 0123 88000000 		.4byte	.LASF21
 405 0127 01       		.byte	0x1
 406 0128 AC       		.byte	0xac
ARM GAS  C:\Users\Ala\AppData\Local\Temp\ccs9JxuM.s 			page 17


 407 0129 00000000 		.4byte	.LFB0
 408 012d C4000000 		.4byte	.LFE0-.LFB0
 409 0131 01       		.uleb128 0x1
 410 0132 9C       		.byte	0x9c
 411 0133 86010000 		.4byte	0x186
 412 0137 0C       		.uleb128 0xc
 413 0138 2C000000 		.4byte	.LVL5
 414 013c B2010000 		.4byte	0x1b2
 415 0140 4A010000 		.4byte	0x14a
 416 0144 0D       		.uleb128 0xd
 417 0145 01       		.uleb128 0x1
 418 0146 50       		.byte	0x50
 419 0147 01       		.uleb128 0x1
 420 0148 3B       		.byte	0x3b
 421 0149 00       		.byte	0
 422 014a 0C       		.uleb128 0xc
 423 014b 34000000 		.4byte	.LVL6
 424 014f BD010000 		.4byte	0x1bd
 425 0153 62010000 		.4byte	0x162
 426 0157 0D       		.uleb128 0xd
 427 0158 01       		.uleb128 0x1
 428 0159 50       		.byte	0x50
 429 015a 01       		.uleb128 0x1
 430 015b 3B       		.byte	0x3b
 431 015c 0D       		.uleb128 0xd
 432 015d 01       		.uleb128 0x1
 433 015e 51       		.byte	0x51
 434 015f 01       		.uleb128 0x1
 435 0160 33       		.byte	0x33
 436 0161 00       		.byte	0
 437 0162 0C       		.uleb128 0xc
 438 0163 3C000000 		.4byte	.LVL7
 439 0167 C8010000 		.4byte	0x1c8
 440 016b 75010000 		.4byte	0x175
 441 016f 0D       		.uleb128 0xd
 442 0170 01       		.uleb128 0x1
 443 0171 50       		.byte	0x50
 444 0172 01       		.uleb128 0x1
 445 0173 3B       		.byte	0x3b
 446 0174 00       		.byte	0
 447 0175 0E       		.uleb128 0xe
 448 0176 62000000 		.4byte	.LVL8
 449 017a EB000000 		.4byte	0xeb
 450 017e 0D       		.uleb128 0xd
 451 017f 01       		.uleb128 0x1
 452 0180 50       		.byte	0x50
 453 0181 02       		.uleb128 0x2
 454 0182 74       		.byte	0x74
 455 0183 00       		.sleb128 0
 456 0184 00       		.byte	0
 457 0185 00       		.byte	0
 458 0186 0F       		.uleb128 0xf
 459 0187 D9010000 		.4byte	.LASF22
 460 018b 03       		.byte	0x3
 461 018c 5B       		.byte	0x5b
 462 018d 77000000 		.4byte	0x77
 463 0191 0F       		.uleb128 0xf
ARM GAS  C:\Users\Ala\AppData\Local\Temp\ccs9JxuM.s 			page 18


 464 0192 4A000000 		.4byte	.LASF23
 465 0196 04       		.byte	0x4
 466 0197 1F       		.byte	0x1f
 467 0198 B5000000 		.4byte	0xb5
 468 019c 0F       		.uleb128 0xf
 469 019d A3000000 		.4byte	.LASF24
 470 01a1 04       		.byte	0x4
 471 01a2 20       		.byte	0x20
 472 01a3 B5000000 		.4byte	0xb5
 473 01a7 0F       		.uleb128 0xf
 474 01a8 34000000 		.4byte	.LASF25
 475 01ac 04       		.byte	0x4
 476 01ad 2A       		.byte	0x2a
 477 01ae A4000000 		.4byte	0xa4
 478 01b2 10       		.uleb128 0x10
 479 01b3 52010000 		.4byte	.LASF26
 480 01b7 52010000 		.4byte	.LASF26
 481 01bb 05       		.byte	0x5
 482 01bc D8       		.byte	0xd8
 483 01bd 10       		.uleb128 0x10
 484 01be E0000000 		.4byte	.LASF27
 485 01c2 E0000000 		.4byte	.LASF27
 486 01c6 05       		.byte	0x5
 487 01c7 D3       		.byte	0xd3
 488 01c8 10       		.uleb128 0x10
 489 01c9 12000000 		.4byte	.LASF28
 490 01cd 12000000 		.4byte	.LASF28
 491 01d1 05       		.byte	0x5
 492 01d2 D0       		.byte	0xd0
 493 01d3 00       		.byte	0
 494              		.section	.debug_abbrev,"",%progbits
 495              	.Ldebug_abbrev0:
 496 0000 01       		.uleb128 0x1
 497 0001 11       		.uleb128 0x11
 498 0002 01       		.byte	0x1
 499 0003 25       		.uleb128 0x25
 500 0004 0E       		.uleb128 0xe
 501 0005 13       		.uleb128 0x13
 502 0006 0B       		.uleb128 0xb
 503 0007 03       		.uleb128 0x3
 504 0008 0E       		.uleb128 0xe
 505 0009 1B       		.uleb128 0x1b
 506 000a 0E       		.uleb128 0xe
 507 000b 55       		.uleb128 0x55
 508 000c 17       		.uleb128 0x17
 509 000d 11       		.uleb128 0x11
 510 000e 01       		.uleb128 0x1
 511 000f 10       		.uleb128 0x10
 512 0010 17       		.uleb128 0x17
 513 0011 00       		.byte	0
 514 0012 00       		.byte	0
 515 0013 02       		.uleb128 0x2
 516 0014 24       		.uleb128 0x24
 517 0015 00       		.byte	0
 518 0016 0B       		.uleb128 0xb
 519 0017 0B       		.uleb128 0xb
 520 0018 3E       		.uleb128 0x3e
ARM GAS  C:\Users\Ala\AppData\Local\Temp\ccs9JxuM.s 			page 19


 521 0019 0B       		.uleb128 0xb
 522 001a 03       		.uleb128 0x3
 523 001b 0E       		.uleb128 0xe
 524 001c 00       		.byte	0
 525 001d 00       		.byte	0
 526 001e 03       		.uleb128 0x3
 527 001f 24       		.uleb128 0x24
 528 0020 00       		.byte	0
 529 0021 0B       		.uleb128 0xb
 530 0022 0B       		.uleb128 0xb
 531 0023 3E       		.uleb128 0x3e
 532 0024 0B       		.uleb128 0xb
 533 0025 03       		.uleb128 0x3
 534 0026 08       		.uleb128 0x8
 535 0027 00       		.byte	0
 536 0028 00       		.byte	0
 537 0029 04       		.uleb128 0x4
 538 002a 16       		.uleb128 0x16
 539 002b 00       		.byte	0
 540 002c 03       		.uleb128 0x3
 541 002d 0E       		.uleb128 0xe
 542 002e 3A       		.uleb128 0x3a
 543 002f 0B       		.uleb128 0xb
 544 0030 3B       		.uleb128 0x3b
 545 0031 05       		.uleb128 0x5
 546 0032 49       		.uleb128 0x49
 547 0033 13       		.uleb128 0x13
 548 0034 00       		.byte	0
 549 0035 00       		.byte	0
 550 0036 05       		.uleb128 0x5
 551 0037 35       		.uleb128 0x35
 552 0038 00       		.byte	0
 553 0039 49       		.uleb128 0x49
 554 003a 13       		.uleb128 0x13
 555 003b 00       		.byte	0
 556 003c 00       		.byte	0
 557 003d 06       		.uleb128 0x6
 558 003e 2E       		.uleb128 0x2e
 559 003f 00       		.byte	0
 560 0040 3F       		.uleb128 0x3f
 561 0041 19       		.uleb128 0x19
 562 0042 03       		.uleb128 0x3
 563 0043 0E       		.uleb128 0xe
 564 0044 3A       		.uleb128 0x3a
 565 0045 0B       		.uleb128 0xb
 566 0046 3B       		.uleb128 0x3b
 567 0047 0B       		.uleb128 0xb
 568 0048 27       		.uleb128 0x27
 569 0049 19       		.uleb128 0x19
 570 004a 11       		.uleb128 0x11
 571 004b 01       		.uleb128 0x1
 572 004c 12       		.uleb128 0x12
 573 004d 06       		.uleb128 0x6
 574 004e 40       		.uleb128 0x40
 575 004f 18       		.uleb128 0x18
 576 0050 9742     		.uleb128 0x2117
 577 0052 19       		.uleb128 0x19
ARM GAS  C:\Users\Ala\AppData\Local\Temp\ccs9JxuM.s 			page 20


 578 0053 00       		.byte	0
 579 0054 00       		.byte	0
 580 0055 07       		.uleb128 0x7
 581 0056 2E       		.uleb128 0x2e
 582 0057 00       		.byte	0
 583 0058 3F       		.uleb128 0x3f
 584 0059 19       		.uleb128 0x19
 585 005a 03       		.uleb128 0x3
 586 005b 0E       		.uleb128 0xe
 587 005c 3A       		.uleb128 0x3a
 588 005d 0B       		.uleb128 0xb
 589 005e 3B       		.uleb128 0x3b
 590 005f 05       		.uleb128 0x5
 591 0060 27       		.uleb128 0x27
 592 0061 19       		.uleb128 0x19
 593 0062 11       		.uleb128 0x11
 594 0063 01       		.uleb128 0x1
 595 0064 12       		.uleb128 0x12
 596 0065 06       		.uleb128 0x6
 597 0066 40       		.uleb128 0x40
 598 0067 18       		.uleb128 0x18
 599 0068 9742     		.uleb128 0x2117
 600 006a 19       		.uleb128 0x19
 601 006b 00       		.byte	0
 602 006c 00       		.byte	0
 603 006d 08       		.uleb128 0x8
 604 006e 2E       		.uleb128 0x2e
 605 006f 01       		.byte	0x1
 606 0070 3F       		.uleb128 0x3f
 607 0071 19       		.uleb128 0x19
 608 0072 03       		.uleb128 0x3
 609 0073 0E       		.uleb128 0xe
 610 0074 3A       		.uleb128 0x3a
 611 0075 0B       		.uleb128 0xb
 612 0076 3B       		.uleb128 0x3b
 613 0077 05       		.uleb128 0x5
 614 0078 27       		.uleb128 0x27
 615 0079 19       		.uleb128 0x19
 616 007a 11       		.uleb128 0x11
 617 007b 01       		.uleb128 0x1
 618 007c 12       		.uleb128 0x12
 619 007d 06       		.uleb128 0x6
 620 007e 40       		.uleb128 0x40
 621 007f 18       		.uleb128 0x18
 622 0080 9742     		.uleb128 0x2117
 623 0082 19       		.uleb128 0x19
 624 0083 01       		.uleb128 0x1
 625 0084 13       		.uleb128 0x13
 626 0085 00       		.byte	0
 627 0086 00       		.byte	0
 628 0087 09       		.uleb128 0x9
 629 0088 05       		.uleb128 0x5
 630 0089 00       		.byte	0
 631 008a 03       		.uleb128 0x3
 632 008b 0E       		.uleb128 0xe
 633 008c 3A       		.uleb128 0x3a
 634 008d 0B       		.uleb128 0xb
ARM GAS  C:\Users\Ala\AppData\Local\Temp\ccs9JxuM.s 			page 21


 635 008e 3B       		.uleb128 0x3b
 636 008f 05       		.uleb128 0x5
 637 0090 49       		.uleb128 0x49
 638 0091 13       		.uleb128 0x13
 639 0092 02       		.uleb128 0x2
 640 0093 17       		.uleb128 0x17
 641 0094 00       		.byte	0
 642 0095 00       		.byte	0
 643 0096 0A       		.uleb128 0xa
 644 0097 34       		.uleb128 0x34
 645 0098 00       		.byte	0
 646 0099 03       		.uleb128 0x3
 647 009a 0E       		.uleb128 0xe
 648 009b 3A       		.uleb128 0x3a
 649 009c 0B       		.uleb128 0xb
 650 009d 3B       		.uleb128 0x3b
 651 009e 05       		.uleb128 0x5
 652 009f 49       		.uleb128 0x49
 653 00a0 13       		.uleb128 0x13
 654 00a1 02       		.uleb128 0x2
 655 00a2 17       		.uleb128 0x17
 656 00a3 00       		.byte	0
 657 00a4 00       		.byte	0
 658 00a5 0B       		.uleb128 0xb
 659 00a6 2E       		.uleb128 0x2e
 660 00a7 01       		.byte	0x1
 661 00a8 3F       		.uleb128 0x3f
 662 00a9 19       		.uleb128 0x19
 663 00aa 03       		.uleb128 0x3
 664 00ab 0E       		.uleb128 0xe
 665 00ac 3A       		.uleb128 0x3a
 666 00ad 0B       		.uleb128 0xb
 667 00ae 3B       		.uleb128 0x3b
 668 00af 0B       		.uleb128 0xb
 669 00b0 27       		.uleb128 0x27
 670 00b1 19       		.uleb128 0x19
 671 00b2 11       		.uleb128 0x11
 672 00b3 01       		.uleb128 0x1
 673 00b4 12       		.uleb128 0x12
 674 00b5 06       		.uleb128 0x6
 675 00b6 40       		.uleb128 0x40
 676 00b7 18       		.uleb128 0x18
 677 00b8 9742     		.uleb128 0x2117
 678 00ba 19       		.uleb128 0x19
 679 00bb 01       		.uleb128 0x1
 680 00bc 13       		.uleb128 0x13
 681 00bd 00       		.byte	0
 682 00be 00       		.byte	0
 683 00bf 0C       		.uleb128 0xc
 684 00c0 898201   		.uleb128 0x4109
 685 00c3 01       		.byte	0x1
 686 00c4 11       		.uleb128 0x11
 687 00c5 01       		.uleb128 0x1
 688 00c6 31       		.uleb128 0x31
 689 00c7 13       		.uleb128 0x13
 690 00c8 01       		.uleb128 0x1
 691 00c9 13       		.uleb128 0x13
ARM GAS  C:\Users\Ala\AppData\Local\Temp\ccs9JxuM.s 			page 22


 692 00ca 00       		.byte	0
 693 00cb 00       		.byte	0
 694 00cc 0D       		.uleb128 0xd
 695 00cd 8A8201   		.uleb128 0x410a
 696 00d0 00       		.byte	0
 697 00d1 02       		.uleb128 0x2
 698 00d2 18       		.uleb128 0x18
 699 00d3 9142     		.uleb128 0x2111
 700 00d5 18       		.uleb128 0x18
 701 00d6 00       		.byte	0
 702 00d7 00       		.byte	0
 703 00d8 0E       		.uleb128 0xe
 704 00d9 898201   		.uleb128 0x4109
 705 00dc 01       		.byte	0x1
 706 00dd 11       		.uleb128 0x11
 707 00de 01       		.uleb128 0x1
 708 00df 31       		.uleb128 0x31
 709 00e0 13       		.uleb128 0x13
 710 00e1 00       		.byte	0
 711 00e2 00       		.byte	0
 712 00e3 0F       		.uleb128 0xf
 713 00e4 34       		.uleb128 0x34
 714 00e5 00       		.byte	0
 715 00e6 03       		.uleb128 0x3
 716 00e7 0E       		.uleb128 0xe
 717 00e8 3A       		.uleb128 0x3a
 718 00e9 0B       		.uleb128 0xb
 719 00ea 3B       		.uleb128 0x3b
 720 00eb 0B       		.uleb128 0xb
 721 00ec 49       		.uleb128 0x49
 722 00ed 13       		.uleb128 0x13
 723 00ee 3F       		.uleb128 0x3f
 724 00ef 19       		.uleb128 0x19
 725 00f0 3C       		.uleb128 0x3c
 726 00f1 19       		.uleb128 0x19
 727 00f2 00       		.byte	0
 728 00f3 00       		.byte	0
 729 00f4 10       		.uleb128 0x10
 730 00f5 2E       		.uleb128 0x2e
 731 00f6 00       		.byte	0
 732 00f7 3F       		.uleb128 0x3f
 733 00f8 19       		.uleb128 0x19
 734 00f9 3C       		.uleb128 0x3c
 735 00fa 19       		.uleb128 0x19
 736 00fb 6E       		.uleb128 0x6e
 737 00fc 0E       		.uleb128 0xe
 738 00fd 03       		.uleb128 0x3
 739 00fe 0E       		.uleb128 0xe
 740 00ff 3A       		.uleb128 0x3a
 741 0100 0B       		.uleb128 0xb
 742 0101 3B       		.uleb128 0x3b
 743 0102 0B       		.uleb128 0xb
 744 0103 00       		.byte	0
 745 0104 00       		.byte	0
 746 0105 00       		.byte	0
 747              		.section	.debug_loc,"",%progbits
 748              	.Ldebug_loc0:
ARM GAS  C:\Users\Ala\AppData\Local\Temp\ccs9JxuM.s 			page 23


 749              	.LLST0:
 750 0000 00000000 		.4byte	.LVL0
 751 0004 08000000 		.4byte	.LVL2
 752 0008 0100     		.2byte	0x1
 753 000a 50       		.byte	0x50
 754 000b 08000000 		.4byte	.LVL2
 755 000f 20000000 		.4byte	.LFE3
 756 0013 0400     		.2byte	0x4
 757 0015 F3       		.byte	0xf3
 758 0016 01       		.uleb128 0x1
 759 0017 50       		.byte	0x50
 760 0018 9F       		.byte	0x9f
 761 0019 00000000 		.4byte	0
 762 001d 00000000 		.4byte	0
 763              	.LLST1:
 764 0021 06000000 		.4byte	.LVL1
 765 0025 0A000000 		.4byte	.LVL3
 766 0029 0100     		.2byte	0x1
 767 002b 52       		.byte	0x52
 768 002c 0A000000 		.4byte	.LVL3
 769 0030 12000000 		.4byte	.LVL4
 770 0034 0100     		.2byte	0x1
 771 0036 53       		.byte	0x53
 772 0037 12000000 		.4byte	.LVL4
 773 003b 20000000 		.4byte	.LFE3
 774 003f 0100     		.2byte	0x1
 775 0041 50       		.byte	0x50
 776 0042 00000000 		.4byte	0
 777 0046 00000000 		.4byte	0
 778              		.section	.debug_aranges,"",%progbits
 779 0000 34000000 		.4byte	0x34
 780 0004 0200     		.2byte	0x2
 781 0006 00000000 		.4byte	.Ldebug_info0
 782 000a 04       		.byte	0x4
 783 000b 00       		.byte	0
 784 000c 0000     		.2byte	0
 785 000e 0000     		.2byte	0
 786 0010 00000000 		.4byte	.LFB1
 787 0014 14000000 		.4byte	.LFE1-.LFB1
 788 0018 00000000 		.4byte	.LFB2
 789 001c 18000000 		.4byte	.LFE2-.LFB2
 790 0020 00000000 		.4byte	.LFB3
 791 0024 20000000 		.4byte	.LFE3-.LFB3
 792 0028 00000000 		.4byte	.LFB0
 793 002c C4000000 		.4byte	.LFE0-.LFB0
 794 0030 00000000 		.4byte	0
 795 0034 00000000 		.4byte	0
 796              		.section	.debug_ranges,"",%progbits
 797              	.Ldebug_ranges0:
 798 0000 00000000 		.4byte	.LFB1
 799 0004 14000000 		.4byte	.LFE1
 800 0008 00000000 		.4byte	.LFB2
 801 000c 18000000 		.4byte	.LFE2
 802 0010 00000000 		.4byte	.LFB3
 803 0014 20000000 		.4byte	.LFE3
 804 0018 00000000 		.4byte	.LFB0
 805 001c C4000000 		.4byte	.LFE0
ARM GAS  C:\Users\Ala\AppData\Local\Temp\ccs9JxuM.s 			page 24


 806 0020 00000000 		.4byte	0
 807 0024 00000000 		.4byte	0
 808              		.section	.debug_line,"",%progbits
 809              	.Ldebug_line0:
 810 0000 01010000 		.section	.debug_str,"MS",%progbits,1
 810      02007500 
 810      00000201 
 810      FB0E0D00 
 810      01010101 
 811              	.LASF15:
 812 0000 72656733 		.ascii	"reg32\000"
 812      3200
 813              	.LASF32:
 814 0006 736C6176 		.ascii	"slaveSelect\000"
 814      6553656C 
 814      65637400 
 815              	.LASF28:
 816 0012 4379496E 		.ascii	"CyIntSetVector\000"
 816      74536574 
 816      56656374 
 816      6F7200
 817              	.LASF3:
 818 0021 73686F72 		.ascii	"short unsigned int\000"
 818      7420756E 
 818      7369676E 
 818      65642069 
 818      6E7400
 819              	.LASF25:
 820 0034 5350494D 		.ascii	"SPIM_rxBufferOverflow\000"
 820      5F727842 
 820      75666665 
 820      724F7665 
 820      72666C6F 
 821              	.LASF23:
 822 004a 5350494D 		.ascii	"SPIM_rxBufferHead\000"
 822      5F727842 
 822      75666665 
 822      72486561 
 822      6400
 823              	.LASF12:
 824 005c 666C6F61 		.ascii	"float\000"
 824      7400
 825              	.LASF1:
 826 0062 756E7369 		.ascii	"unsigned char\000"
 826      676E6564 
 826      20636861 
 826      7200
 827              	.LASF5:
 828 0070 6C6F6E67 		.ascii	"long unsigned int\000"
 828      20756E73 
 828      69676E65 
 828      6420696E 
 828      7400
 829              	.LASF9:
 830 0082 75696E74 		.ascii	"uint8\000"
 830      3800
 831              	.LASF21:
ARM GAS  C:\Users\Ala\AppData\Local\Temp\ccs9JxuM.s 			page 25


 832 0088 5350494D 		.ascii	"SPIM_SpiInit\000"
 832      5F537069 
 832      496E6974 
 832      00
 833              	.LASF13:
 834 0095 646F7562 		.ascii	"double\000"
 834      6C6500
 835              	.LASF10:
 836 009c 75696E74 		.ascii	"uint16\000"
 836      313600
 837              	.LASF24:
 838 00a3 5350494D 		.ascii	"SPIM_rxBufferTail\000"
 838      5F727842 
 838      75666665 
 838      72546169 
 838      6C00
 839              	.LASF11:
 840 00b5 75696E74 		.ascii	"uint32\000"
 840      333200
 841              	.LASF8:
 842 00bc 756E7369 		.ascii	"unsigned int\000"
 842      676E6564 
 842      20696E74 
 842      00
 843              	.LASF7:
 844 00c9 6C6F6E67 		.ascii	"long long unsigned int\000"
 844      206C6F6E 
 844      6720756E 
 844      7369676E 
 844      65642069 
 845              	.LASF27:
 846 00e0 4379496E 		.ascii	"CyIntSetPriority\000"
 846      74536574 
 846      5072696F 
 846      72697479 
 846      00
 847              	.LASF30:
 848 00f1 47656E65 		.ascii	"Generated_Source\\PSoC4\\SPIM_SPI.c\000"
 848      72617465 
 848      645F536F 
 848      75726365 
 848      5C50536F 
 849              	.LASF17:
 850 0113 73697A65 		.ascii	"sizetype\000"
 850      74797065 
 850      00
 851              	.LASF6:
 852 011c 6C6F6E67 		.ascii	"long long int\000"
 852      206C6F6E 
 852      6720696E 
 852      7400
 853              	.LASF19:
 854 012a 5350494D 		.ascii	"SPIM_SpiStop\000"
 854      5F537069 
 854      53746F70 
 854      00
 855              	.LASF18:
ARM GAS  C:\Users\Ala\AppData\Local\Temp\ccs9JxuM.s 			page 26


 856 0137 5350494D 		.ascii	"SPIM_SpiPostEnable\000"
 856      5F537069 
 856      506F7374 
 856      456E6162 
 856      6C6500
 857              	.LASF33:
 858 014a 73706943 		.ascii	"spiCtrl\000"
 858      74726C00 
 859              	.LASF26:
 860 0152 4379496E 		.ascii	"CyIntDisable\000"
 860      74446973 
 860      61626C65 
 860      00
 861              	.LASF2:
 862 015f 73686F72 		.ascii	"short int\000"
 862      7420696E 
 862      7400
 863              	.LASF20:
 864 0169 5350494D 		.ascii	"SPIM_SpiSetActiveSlaveSelect\000"
 864      5F537069 
 864      53657441 
 864      63746976 
 864      65536C61 
 865              	.LASF31:
 866 0186 433A5C55 		.ascii	"C:\\Users\\Ala\\Desktop\\Cypress\\BeoM_main.cydsn\000"
 866      73657273 
 866      5C416C61 
 866      5C446573 
 866      6B746F70 
 867              	.LASF4:
 868 01b3 6C6F6E67 		.ascii	"long int\000"
 868      20696E74 
 868      00
 869              	.LASF14:
 870 01bc 63686172 		.ascii	"char\000"
 870      00
 871              	.LASF16:
 872 01c1 6C6F6E67 		.ascii	"long double\000"
 872      20646F75 
 872      626C6500 
 873              	.LASF0:
 874 01cd 7369676E 		.ascii	"signed char\000"
 874      65642063 
 874      68617200 
 875              	.LASF22:
 876 01d9 5350494D 		.ascii	"SPIM_IntrTxMask\000"
 876      5F496E74 
 876      7254784D 
 876      61736B00 
 877              	.LASF29:
 878 01e9 474E5520 		.ascii	"GNU C11 5.4.1 20160609 (release) [ARM/embedded-5-br"
 878      43313120 
 878      352E342E 
 878      31203230 
 878      31363036 
 879 021c 616E6368 		.ascii	"anch revision 237715] -mcpu=cortex-m0 -mthumb -g -O"
 879      20726576 
ARM GAS  C:\Users\Ala\AppData\Local\Temp\ccs9JxuM.s 			page 27


 879      6973696F 
 879      6E203233 
 879      37373135 
 880 024f 73202D66 		.ascii	"s -ffunction-sections -ffat-lto-objects\000"
 880      66756E63 
 880      74696F6E 
 880      2D736563 
 880      74696F6E 
 881              		.ident	"GCC: (GNU Tools for ARM Embedded Processors) 5.4.1 20160609 (release) [ARM/embedded-5-bran
